Component: ARM Compiler 5.06 update 5 (build 528) Tool: armlink [4d35e2]

==============================================================================

Section Cross References

    startup_stm32f103xb.o(STACK) refers (Special) to heapauxi.o(.text) for __use_two_region_memory
    startup_stm32f103xb.o(HEAP) refers (Special) to heapauxi.o(.text) for __use_two_region_memory
    startup_stm32f103xb.o(RESET) refers (Special) to heapauxi.o(.text) for __use_two_region_memory
    startup_stm32f103xb.o(RESET) refers to startup_stm32f103xb.o(STACK) for __initial_sp
    startup_stm32f103xb.o(RESET) refers to startup_stm32f103xb.o(.text) for Reset_Handler
    startup_stm32f103xb.o(RESET) refers to stm32f1xx_it.o(i.NMI_Handler) for NMI_Handler
    startup_stm32f103xb.o(RESET) refers to stm32f1xx_it.o(i.HardFault_Handler) for HardFault_Handler
    startup_stm32f103xb.o(RESET) refers to stm32f1xx_it.o(i.MemManage_Handler) for MemManage_Handler
    startup_stm32f103xb.o(RESET) refers to stm32f1xx_it.o(i.BusFault_Handler) for BusFault_Handler
    startup_stm32f103xb.o(RESET) refers to stm32f1xx_it.o(i.UsageFault_Handler) for UsageFault_Handler
    startup_stm32f103xb.o(RESET) refers to stm32f1xx_it.o(i.SVC_Handler) for SVC_Handler
    startup_stm32f103xb.o(RESET) refers to stm32f1xx_it.o(i.DebugMon_Handler) for DebugMon_Handler
    startup_stm32f103xb.o(RESET) refers to stm32f1xx_it.o(i.PendSV_Handler) for PendSV_Handler
    startup_stm32f103xb.o(RESET) refers to stm32f1xx_it.o(i.SysTick_Handler) for SysTick_Handler
    startup_stm32f103xb.o(RESET) refers to stm32f1xx_it.o(i.TIM1_UP_IRQHandler) for TIM1_UP_IRQHandler
    startup_stm32f103xb.o(RESET) refers to stm32f1xx_it.o(i.USART1_IRQHandler) for USART1_IRQHandler
    startup_stm32f103xb.o(.text) refers (Special) to heapauxi.o(.text) for __use_two_region_memory
    startup_stm32f103xb.o(.text) refers to system_stm32f1xx.o(i.SystemInit) for SystemInit
    startup_stm32f103xb.o(.text) refers to __main.o(!!!main) for __main
    startup_stm32f103xb.o(.text) refers to startup_stm32f103xb.o(HEAP) for Heap_Mem
    startup_stm32f103xb.o(.text) refers to startup_stm32f103xb.o(STACK) for Stack_Mem
    sd.o(i.Get_SDCard_Capacity) refers to sd.o(i.SD_init) for SD_init
    sd.o(i.Get_SDCard_Capacity) refers to ff.o(i.f_mount) for f_mount
    sd.o(i.Get_SDCard_Capacity) refers to ff.o(i.f_getfree) for f_getfree
    sd.o(i.MSD0_GetCardInfo) refers to sd.o(i.SD_sendcmd) for SD_sendcmd
    sd.o(i.MSD0_GetCardInfo) refers to sd.o(i.SD_ReceiveData) for SD_ReceiveData
    sd.o(i.SD_CS) refers to stm32f1xx_hal_gpio.o(i.HAL_GPIO_WritePin) for HAL_GPIO_WritePin
    sd.o(i.SD_GETCID) refers to sd.o(i.SD_sendcmd) for SD_sendcmd
    sd.o(i.SD_GETCID) refers to sd.o(i.SD_ReceiveData) for SD_ReceiveData
    sd.o(i.SD_GETCID) refers to sd.o(i.SD_CS) for SD_CS
    sd.o(i.SD_GETCSD) refers to sd.o(i.SD_sendcmd) for SD_sendcmd
    sd.o(i.SD_GETCSD) refers to sd.o(i.SD_ReceiveData) for SD_ReceiveData
    sd.o(i.SD_GETCSD) refers to sd.o(i.SD_CS) for SD_CS
    sd.o(i.SD_GetSectorCount) refers to sd.o(i.SD_GETCSD) for SD_GETCSD
    sd.o(i.SD_ReadDisk) refers to sd.o(i.SD_sendcmd) for SD_sendcmd
    sd.o(i.SD_ReadDisk) refers to sd.o(i.SD_ReceiveData) for SD_ReceiveData
    sd.o(i.SD_ReadDisk) refers to sd.o(i.SD_CS) for SD_CS
    sd.o(i.SD_ReadDisk) refers to sd.o(.data) for .data
    sd.o(i.SD_ReceiveData) refers to sd.o(i.SD_CS) for SD_CS
    sd.o(i.SD_ReceiveData) refers to sd.o(i.spi_readwrite) for spi_readwrite
    sd.o(i.SD_ReceiveData) refers to stm32f1xx_hal.o(i.HAL_Delay) for HAL_Delay
    sd.o(i.SD_SendBlock) refers to sd.o(i.spi_readwrite) for spi_readwrite
    sd.o(i.SD_WriteDisk) refers to sd.o(i.SD_sendcmd) for SD_sendcmd
    sd.o(i.SD_WriteDisk) refers to sd.o(i.SD_SendBlock) for SD_SendBlock
    sd.o(i.SD_WriteDisk) refers to sd.o(i.SD_CS) for SD_CS
    sd.o(i.SD_WriteDisk) refers to sd.o(.data) for .data
    sd.o(i.SD_init) refers to sd.o(i.SPI_setspeed) for SPI_setspeed
    sd.o(i.SD_init) refers to sd.o(i.SD_CS) for SD_CS
    sd.o(i.SD_init) refers to sd.o(i.spi_readwrite) for spi_readwrite
    sd.o(i.SD_init) refers to sd.o(i.SD_sendcmd) for SD_sendcmd
    sd.o(i.SD_init) refers to sd.o(.data) for .data
    sd.o(i.SD_sendcmd) refers to sd.o(i.SD_CS) for SD_CS
    sd.o(i.SD_sendcmd) refers to stm32f1xx_hal.o(i.HAL_Delay) for HAL_Delay
    sd.o(i.SD_sendcmd) refers to sd.o(i.spi_readwrite) for spi_readwrite
    sd.o(i.SD_sendcmd) refers to sd.o(.data) for .data
    sd.o(i.SPI_setspeed) refers to spi.o(.bss) for hspi1
    sd.o(i.WritetoSD) refers to sd.o(i.SD_init) for SD_init
    sd.o(i.WritetoSD) refers to ff.o(i.f_mount) for f_mount
    sd.o(i.WritetoSD) refers to ff.o(i.f_mkfs) for f_mkfs
    sd.o(i.WritetoSD) refers to ff.o(i.f_open) for f_open
    sd.o(i.WritetoSD) refers to ff.o(i.f_lseek) for f_lseek
    sd.o(i.WritetoSD) refers to ff.o(i.f_write) for f_write
    sd.o(i.WritetoSD) refers to ff.o(i.f_close) for f_close
[...]
    .ARM.Collect$$libinit$$00000015          0x08000172   Section        0  libinit2.o(.ARM.Collect$$libinit$$00000015)
    .ARM.Collect$$libinit$$00000017          0x08000172   Section        0  libinit2.o(.ARM.Collect$$libinit$$00000017)
    .ARM.Collect$$libinit$$00000019          0x08000172   Section        0  libinit2.o(.ARM.Collect$$libinit$$00000019)
    .ARM.Collect$$libinit$$0000001B          0x08000172   Section        0  libinit2.o(.ARM.Collect$$libinit$$0000001B)
    .ARM.Collect$$libinit$$0000001D          0x08000172   Section        0  libinit2.o(.ARM.Collect$$libinit$$0000001D)
    .ARM.Collect$$libinit$$0000001F          0x08000172   Section        0  libinit2.o(.ARM.Collect$$libinit$$0000001F)
    .ARM.Collect$$libinit$$00000021          0x08000172   Section        0  libinit2.o(.ARM.Collect$$libinit$$00000021)
    .ARM.Collect$$libinit$$00000023          0x08000172   Section        0  libinit2.o(.ARM.Collect$$libinit$$00000023)
    .ARM.Collect$$libinit$$00000025          0x08000172   Section        0  libinit2.o(.ARM.Collect$$libinit$$00000025)
    .ARM.Collect$$libinit$$0000002C          0x08000172   Section        0  libinit2.o(.ARM.Collect$$libinit$$0000002C)
    .ARM.Collect$$libinit$$0000002E          0x08000172   Section        0  libinit2.o(.ARM.Collect$$libinit$$0000002E)
    .ARM.Collect$$libinit$$00000030          0x08000172   Section        0  libinit2.o(.ARM.Collect$$libinit$$00000030)
    .ARM.Collect$$libinit$$00000032          0x08000172   Section        0  libinit2.o(.ARM.Collect$$libinit$$00000032)
    .ARM.Collect$$libinit$$00000033          0x08000172   Section        2  libinit2.o(.ARM.Collect$$libinit$$00000033)
    .ARM.Collect$$libshutdown$$00000000      0x08000174   Section        2  libshutdown.o(.ARM.Collect$$libshutdown$$00000000)
    .ARM.Collect$$libshutdown$$00000002      0x08000176   Section        0  libshutdown2.o(.ARM.Collect$$libshutdown$$00000002)
    .ARM.Collect$$libshutdown$$00000004      0x08000176   Section        0  libshutdown2.o(.ARM.Collect$$libshutdown$$00000004)
    .ARM.Collect$$libshutdown$$00000007      0x08000176   Section        0  libshutdown2.o(.ARM.Collect$$libshutdown$$00000007)
    .ARM.Collect$$libshutdown$$0000000A      0x08000176   Section        0  libshutdown2.o(.ARM.Collect$$libshutdown$$0000000A)
    .ARM.Collect$$libshutdown$$0000000C      0x08000176   Section        0  libshutdown2.o(.ARM.Collect$$libshutdown$$0000000C)
    .ARM.Collect$$libshutdown$$0000000F      0x08000176   Section        0  libshutdown2.o(.ARM.Collect$$libshutdown$$0000000F)
    .ARM.Collect$$libshutdown$$00000010      0x08000176   Section        2  libshutdown2.o(.ARM.Collect$$libshutdown$$00000010)
    .ARM.Collect$$rtentry$$00000000          0x08000178   Section        0  __rtentry.o(.ARM.Collect$$rtentry$$00000000)
    .ARM.Collect$$rtentry$$00000002          0x08000178   Section        0  __rtentry2.o(.ARM.Collect$$rtentry$$00000002)
    .ARM.Collect$$rtentry$$00000004          0x08000178   Section        6  __rtentry4.o(.ARM.Collect$$rtentry$$00000004)
    .ARM.Collect$$rtentry$$00000009          0x0800017e   Section        0  __rtentry2.o(.ARM.Collect$$rtentry$$00000009)
    .ARM.Collect$$rtentry$$0000000A          0x0800017e   Section        4  __rtentry2.o(.ARM.Collect$$rtentry$$0000000A)
    .ARM.Collect$$rtentry$$0000000C          0x08000182   Section        0  __rtentry2.o(.ARM.Collect$$rtentry$$0000000C)
    .ARM.Collect$$rtentry$$0000000D          0x08000182   Section        8  __rtentry2.o(.ARM.Collect$$rtentry$$0000000D)
    .ARM.Collect$$rtexit$$00000000           0x0800018a   Section        2  rtexit.o(.ARM.Collect$$rtexit$$00000000)
    .ARM.Collect$$rtexit$$00000002           0x0800018c   Section        0  rtexit2.o(.ARM.Collect$$rtexit$$00000002)
    .ARM.Collect$$rtexit$$00000003           0x0800018c   Section        4  rtexit2.o(.ARM.Collect$$rtexit$$00000003)
    .ARM.Collect$$rtexit$$00000004           0x08000190   Section        6  rtexit2.o(.ARM.Collect$$rtexit$$00000004)
    .text                                    0x08000198   Section       64  startup_stm32f103xb.o(.text)
    .text                                    0x080001d8   Section        0  __2sprintf.o(.text)
    .text                                    0x08000204   Section        0  _printf_truncate.o(.text)
    .text                                    0x08000228   Section        0  _printf_str.o(.text)
    .text                                    0x0800027c   Section        0  _printf_dec.o(.text)
    .text                                    0x080002f4   Section        0  __printf_ss.o(.text)
    .text                                    0x080003ac   Section        0  strncmp.o(.text)
    .text                                    0x08000442   Section       78  rt_memclr_w.o(.text)
    .text                                    0x08000490   Section        0  heapauxi.o(.text)
    .text                                    0x08000496   Section        0  _printf_intcommon.o(.text)
    .text                                    0x08000548   Section        0  _printf_char_common.o(.text)
    _printf_input_char                       0x08000549   Thumb Code    10  _printf_char_common.o(.text)
    .text                                    0x08000578   Section        0  _sputc.o(.text)
    .text                                    0x08000582   Section        0  _printf_char.o(.text)
    .text                                    0x080005ae   Section       74  sys_stackheap_outer.o(.text)
    .text                                    0x080005f8   Section        0  exit.o(.text)
    .text                                    0x0800060c   Section        8  libspace.o(.text)
    .text                                    0x08000614   Section        0  sys_exit.o(.text)
    .text                                    0x08000620   Section        2  use_no_semi.o(.text)
    .text                                    0x08000622   Section        0  indicate_semi.o(.text)
    i.BusFault_Handler                       0x08000622   Section        0  stm32f1xx_it.o(i.BusFault_Handler)
    i.DebugMon_Handler                       0x08000624   Section        0  stm32f1xx_it.o(i.DebugMon_Handler)
    i.Error_Handler                          0x08000626   Section        0  main.o(i.Error_Handler)
    i.FATFS_LinkDriver                       0x0800062a   Section        0  ff_gen_drv.o(i.FATFS_LinkDriver)
    i.FATFS_LinkDriverEx                     0x08000630   Section        0  ff_gen_drv.o(i.FATFS_LinkDriverEx)
    i.HAL_DMA_Abort                          0x08000670   Section        0  stm32f1xx_hal_dma.o(i.HAL_DMA_Abort)
    i.HAL_DMA_Abort_IT                       0x080006b8   Section        0  stm32f1xx_hal_dma.o(i.HAL_DMA_Abort_IT)
    i.HAL_Delay                              0x08000750   Section        0  stm32f1xx_hal.o(i.HAL_Delay)
    i.HAL_GPIO_Init                          0x08000774   Section        0  stm32f1xx_hal_gpio.o(i.HAL_GPIO_Init)
    i.HAL_GPIO_WritePin                      0x08000954   Section        0  stm32f1xx_hal_gpio.o(i.HAL_GPIO_WritePin)
    i.HAL_GetTick                            0x08000960   Section        0  stm32f1xx_hal.o(i.HAL_GetTick)
    i.HAL_IncTick                            0x0800096c   Section        0  stm32f1xx_hal.o(i.HAL_IncTick)
    i.HAL_Init                               0x0800097c   Section        0  stm32f1xx_hal.o(i.HAL_Init)
    i.HAL_InitTick                           0x080009a0   Section        0  stm32f1xx_hal.o(i.HAL_InitTick)
    i.HAL_MspInit                            0x080009e0   Section        0  stm32f1xx_hal_msp.o(i.HAL_MspInit)
    i.HAL_NVIC_EnableIRQ                     0x08000a1c   Section        0  stm32f1xx_hal_cortex.o(i.HAL_NVIC_EnableIRQ)
    i.HAL_NVIC_SetPriority                   0x08000a38   Section        0  stm32f1xx_hal_cortex.o(i.HAL_NVIC_SetPriority)
    i.HAL_NVIC_SetPriorityGrouping           0x08000a78   Section        0  stm32f1xx_hal_cortex.o(i.HAL_NVIC_SetPriorityGrouping)
    i.HAL_RCC_ClockConfig                    0x08000a9c   Section        0  stm32f1xx_hal_rcc.o(i.HAL_RCC_ClockConfig)
    i.HAL_RCC_GetPCLK1Freq                   0x08000bc8   Section        0  stm32f1xx_hal_rcc.o(i.HAL_RCC_GetPCLK1Freq)
    i.HAL_RCC_GetPCLK2Freq                   0x08000be8   Section        0  stm32f1xx_hal_rcc.o(i.HAL_RCC_GetPCLK2Freq)
    i.HAL_RCC_GetSysClockFreq                0x08000c08   Section        0  stm32f1xx_hal_rcc.o(i.HAL_RCC_GetSysClockFreq)
    i.HAL_RCC_OscConfig                      0x08000c54   Section        0  stm32f1xx_hal_rcc.o(i.HAL_RCC_OscConfig)
    i.HAL_SPI_Init                           0x08000f74   Section        0  stm32f1xx_hal_spi.o(i.HAL_SPI_Init)
    i.HAL_SPI_MspInit                        0x08001028   Section        0  spi.o(i.HAL_SPI_MspInit)
    i.HAL_SPI_TransmitReceive                0x08001098   Section        0  stm32f1xx_hal_spi.o(i.HAL_SPI_TransmitReceive)
    i.HAL_SYSTICK_Config                     0x08001288   Section        0  stm32f1xx_hal_cortex.o(i.HAL_SYSTICK_Config)
    i.HAL_TIMEx_BreakCallback                0x080012b0   Section        0  stm32f1xx_hal_tim_ex.o(i.HAL_TIMEx_BreakCallback)
    i.HAL_TIMEx_CommutCallback               0x080012b2   Section        0  stm32f1xx_hal_tim_ex.o(i.HAL_TIMEx_CommutCallback)
    i.HAL_TIMEx_ConfigBreakDeadTime          0x080012b4   Section        0  stm32f1xx_hal_tim_ex.o(i.HAL_TIMEx_ConfigBreakDeadTime)
    i.HAL_TIMEx_MasterConfigSynchronization  0x08001308   Section        0  stm32f1xx_hal_tim_ex.o(i.HAL_TIMEx_MasterConfigSynchronization)
    i.HAL_TIM_Base_Init                      0x08001370   Section        0  stm32f1xx_hal_tim.o(i.HAL_TIM_Base_Init)
    i.HAL_TIM_Base_MspInit                   0x080013cc   Section        0  tim.o(i.HAL_TIM_Base_MspInit)
    i.HAL_TIM_ConfigClockSource              0x08001408   Section        0  stm32f1xx_hal_tim.o(i.HAL_TIM_ConfigClockSource)
    i.HAL_TIM_IC_CaptureCallback             0x080014e4   Section        0  stm32f1xx_hal_tim.o(i.HAL_TIM_IC_CaptureCallback)
    i.HAL_TIM_IRQHandler                     0x080014e6   Section        0  stm32f1xx_hal_tim.o(i.HAL_TIM_IRQHandler)
    i.HAL_TIM_MspPostInit                    0x08001618   Section        0  tim.o(i.HAL_TIM_MspPostInit)
    i.HAL_TIM_OC_DelayElapsedCallback        0x08001664   Section        0  stm32f1xx_hal_tim.o(i.HAL_TIM_OC_DelayElapsedCallback)
    i.HAL_TIM_PWM_ConfigChannel              0x08001666   Section        0  stm32f1xx_hal_tim.o(i.HAL_TIM_PWM_ConfigChannel)
    i.HAL_TIM_PWM_Init                       0x08001732   Section        0  stm32f1xx_hal_tim.o(i.HAL_TIM_PWM_Init)
    i.HAL_TIM_PWM_MspInit                    0x0800178c   Section        0  stm32f1xx_hal_tim.o(i.HAL_TIM_PWM_MspInit)
    i.HAL_TIM_PWM_PulseFinishedCallback      0x0800178e   Section        0  stm32f1xx_hal_tim.o(i.HAL_TIM_PWM_PulseFinishedCallback)
    i.HAL_TIM_PWM_Start                      0x08001790   Section        0  stm32f1xx_hal_tim.o(i.HAL_TIM_PWM_Start)
    i.HAL_TIM_PWM_Stop                       0x0800182c   Section        0  stm32f1xx_hal_tim.o(i.HAL_TIM_PWM_Stop)
    i.HAL_TIM_PeriodElapsedCallback          0x0800189c   Section        0  tim.o(i.HAL_TIM_PeriodElapsedCallback)
    i.HAL_TIM_TriggerCallback                0x080018fc   Section        0  stm32f1xx_hal_tim.o(i.HAL_TIM_TriggerCallback)
    i.HAL_UARTEx_ReceiveToIdle_IT            0x080018fe   Section        0  stm32f1xx_hal_uart.o(i.HAL_UARTEx_ReceiveToIdle_IT)
    i.HAL_UARTEx_RxEventCallback             0x0800194c   Section        0  usart.o(i.HAL_UARTEx_RxEventCallback)
    i.HAL_UART_ErrorCallback                 0x0800196c   Section        0  stm32f1xx_hal_uart.o(i.HAL_UART_ErrorCallback)
    i.HAL_UART_IRQHandler                    0x08001970   Section        0  stm32f1xx_hal_uart.o(i.HAL_UART_IRQHandler)
    i.HAL_UART_Init                          0x08001bdc   Section        0  stm32f1xx_hal_uart.o(i.HAL_UART_Init)
    i.HAL_UART_MspInit                       0x08001c40   Section        0  usart.o(i.HAL_UART_MspInit)
    i.HAL_UART_RxCpltCallback                0x08001cd0   Section        0  stm32f1xx_hal_uart.o(i.HAL_UART_RxCpltCallback)
    i.HAL_UART_Transmit                      0x08001cd2   Section        0  stm32f1xx_hal_uart.o(i.HAL_UART_Transmit)
    i.HAL_UART_TxCpltCallback                0x08001d72   Section        0  stm32f1xx_hal_uart.o(i.HAL_UART_TxCpltCallback)
    i.HardFault_Handler                      0x08001d74   Section        0  stm32f1xx_it.o(i.HardFault_Handler)
    i.MX_FATFS_Init                          0x08001d78   Section        0  fatfs.o(i.MX_FATFS_Init)
    i.MX_GPIO_Init                           0x08001d94   Section        0  gpio.o(i.MX_GPIO_Init)
    i.MX_SPI1_Init                           0x08001e2c   Section        0  spi.o(i.MX_SPI1_Init)
    i.MX_TIM1_Init                           0x08001e74   Section        0  tim.o(i.MX_TIM1_Init)
    i.MX_USART1_UART_Init                    0x08001f64   Section        0  usart.o(i.MX_USART1_UART_Init)
    i.MemManage_Handler                      0x08001f9c   Section        0  stm32f1xx_it.o(i.MemManage_Handler)
    i.NMI_Handler                            0x08001f9e   Section        0  stm32f1xx_it.o(i.NMI_Handler)
    i.PendSV_Handler                         0x08001fa0   Section        0  stm32f1xx_it.o(i.PendSV_Handler)
    i.SD_CS                                  0x08001fa4   Section        0  sd.o(i.SD_CS)
    i.SD_GETCSD                              0x08001fbc   Section        0  sd.o(i.SD_GETCSD)
    i.SD_GetSectorCount                      0x08001fea   Section        0  sd.o(i.SD_GetSectorCount)
    i.SD_ReadDisk                            0x08002058   Section        0  sd.o(i.SD_ReadDisk)
    i.SD_ReceiveData                         0x080020c8   Section        0  sd.o(i.SD_ReceiveData)
    i.SD_SendBlock                           0x08002108   Section        0  sd.o(i.SD_SendBlock)
    i.SD_WriteDisk                           0x08002158   Section        0  sd.o(i.SD_WriteDisk)
    i.SD_init                                0x080021e0   Section        0  sd.o(i.SD_init)
    i.SD_sendcmd                             0x08002334   Section        0  sd.o(i.SD_sendcmd)
    i.SPI_EndRxTxTransaction                 0x080023a4   Section        0  stm32f1xx_hal_spi.o(i.SPI_EndRxTxTransaction)
    SPI_EndRxTxTransaction                   0x080023a5   Thumb Code    52  stm32f1xx_hal_spi.o(i.SPI_EndRxTxTransaction)
    i.SPI_WaitFlagStateUntilTimeout          0x080023d8   Section        0  stm32f1xx_hal_spi.o(i.SPI_WaitFlagStateUntilTimeout)
    SPI_WaitFlagStateUntilTimeout            0x080023d9   Thumb Code   180  stm32f1xx_hal_spi.o(i.SPI_WaitFlagStateUntilTimeout)
    i.SPI_setspeed                           0x08002490   Section        0  sd.o(i.SPI_setspeed)
    i.SVC_Handler                            0x080024ac   Section        0  stm32f1xx_it.o(i.SVC_Handler)
    i.SysTick_Handler                        0x080024ae   Section        0  stm32f1xx_it.o(i.SysTick_Handler)
    i.SystemClock_Config                     0x080024b2   Section        0  main.o(i.SystemClock_Config)
    i.SystemInit                             0x08002510   Section        0  system_stm32f1xx.o(i.SystemInit)
    i.TIM1_UP_IRQHandler                     0x08002514   Section        0  stm32f1xx_it.o(i.TIM1_UP_IRQHandler)
    i.TIM_Base_SetConfig                     0x08002520   Section        0  stm32f1xx_hal_tim.o(i.TIM_Base_SetConfig)
    i.TIM_CCxChannelCmd                      0x08002598   Section        0  stm32f1xx_hal_tim.o(i.TIM_CCxChannelCmd)
    i.TIM_ETR_SetConfig                      0x080025b2   Section        0  stm32f1xx_hal_tim.o(i.TIM_ETR_SetConfig)
    i.TIM_ITRx_SetConfig                     0x080025c6   Section        0  stm32f1xx_hal_tim.o(i.TIM_ITRx_SetConfig)
    TIM_ITRx_SetConfig                       0x080025c7   Thumb Code    16  stm32f1xx_hal_tim.o(i.TIM_ITRx_SetConfig)
    i.TIM_OC1_SetConfig                      0x080025d8   Section        0  stm32f1xx_hal_tim.o(i.TIM_OC1_SetConfig)
    TIM_OC1_SetConfig                        0x080025d9   Thumb Code    74  stm32f1xx_hal_tim.o(i.TIM_OC1_SetConfig)
    i.TIM_OC2_SetConfig                      0x08002628   Section        0  stm32f1xx_hal_tim.o(i.TIM_OC2_SetConfig)
    i.TIM_OC3_SetConfig                      0x08002680   Section        0  stm32f1xx_hal_tim.o(i.TIM_OC3_SetConfig)
    TIM_OC3_SetConfig                        0x08002681   Thumb Code    82  stm32f1xx_hal_tim.o(i.TIM_OC3_SetConfig)
    i.TIM_OC4_SetConfig                      0x080026d8   Section        0  stm32f1xx_hal_tim.o(i.TIM_OC4_SetConfig)
    TIM_OC4_SetConfig                        0x080026d9   Thumb Code    64  stm32f1xx_hal_tim.o(i.TIM_OC4_SetConfig)
    i.TIM_TI1_ConfigInputStage               0x0800271c   Section        0  stm32f1xx_hal_tim.o(i.TIM_TI1_ConfigInputStage)
    TIM_TI1_ConfigInputStage                 0x0800271d   Thumb Code    34  stm32f1xx_hal_tim.o(i.TIM_TI1_ConfigInputStage)
    i.TIM_TI2_ConfigInputStage               0x0800273e   Section        0  stm32f1xx_hal_tim.o(i.TIM_TI2_ConfigInputStage)
    TIM_TI2_ConfigInputStage                 0x0800273f   Thumb Code    36  stm32f1xx_hal_tim.o(i.TIM_TI2_ConfigInputStage)
    i.UART_DMAAbortOnError                   0x08002762   Section        0  stm32f1xx_hal_uart.o(i.UART_DMAAbortOnError)
    UART_DMAAbortOnError                     0x08002763   Thumb Code    16  stm32f1xx_hal_uart.o(i.UART_DMAAbortOnError)
    i.UART_EndRxTransfer                     0x08002772   Section        0  stm32f1xx_hal_uart.o(i.UART_EndRxTransfer)
    UART_EndRxTransfer                       0x08002773   Thumb Code    78  stm32f1xx_hal_uart.o(i.UART_EndRxTransfer)
    i.UART_Receive_IT                        0x080027c0   Section        0  stm32f1xx_hal_uart.o(i.UART_Receive_IT)
    UART_Receive_IT                          0x080027c1   Thumb Code   194  stm32f1xx_hal_uart.o(i.UART_Receive_IT)
    i.UART_SetConfig                         0x08002884   Section        0  stm32f1xx_hal_uart.o(i.UART_SetConfig)
    UART_SetConfig                           0x08002885   Thumb Code   178  stm32f1xx_hal_uart.o(i.UART_SetConfig)
    i.UART_Start_Receive_IT                  0x0800293c   Section        0  stm32f1xx_hal_uart.o(i.UART_Start_Receive_IT)
    i.UART_WaitOnFlagUntilTimeout            0x08002972   Section        0  stm32f1xx_hal_uart.o(i.UART_WaitOnFlagUntilTimeout)
    UART_WaitOnFlagUntilTimeout              0x08002973   Thumb Code   114  stm32f1xx_hal_uart.o(i.UART_WaitOnFlagUntilTimeout)
    i.USART1_IRQHandler                      0x080029e4   Section        0  stm32f1xx_it.o(i.USART1_IRQHandler)
    i.USER_initialize                        0x080029f0   Section        0  user_diskio.o(i.USER_initialize)
    i.USER_ioctl                             0x08002a10   Section        0  user_diskio.o(i.USER_ioctl)
    i.USER_read                              0x08002a5e   Section        0  user_diskio.o(i.USER_read)
    i.USER_status                            0x08002a80   Section        0  user_diskio.o(i.USER_status)
    i.USER_write                             0x08002a94   Section        0  user_diskio.o(i.USER_write)
    i.UsageFault_Handler                     0x08002ab6   Section        0  stm32f1xx_it.o(i.UsageFault_Handler)
    i.__NVIC_SetPriority                     0x08002ab8   Section        0  stm32f1xx_hal_cortex.o(i.__NVIC_SetPriority)
    __NVIC_SetPriority                       0x08002ab9   Thumb Code    32  stm32f1xx_hal_cortex.o(i.__NVIC_SetPriority)
    i.check_fs                               0x08002ad8   Section        0  ff.o(i.check_fs)
    check_fs                                 0x08002ad9   Thumb Code    90  ff.o(i.check_fs)
    i.chk_lock                               0x08002b38   Section        0  ff.o(i.chk_lock)
    chk_lock                                 0x08002b39   Thumb Code   102  ff.o(i.chk_lock)
    i.clear_lock                             0x08002ba4   Section        0  ff.o(i.clear_lock)
    clear_lock                               0x08002ba5   Thumb Code    32  ff.o(i.clear_lock)
    i.clmt_clust                             0x08002bc8   Section        0  ff.o(i.clmt_clust)
    clmt_clust                               0x08002bc9   Thumb Code    42  ff.o(i.clmt_clust)
    i.clust2sect                             0x08002bf2   Section        0  ff.o(i.clust2sect)
    i.create_chain                           0x08002c10   Section        0  ff.o(i.create_chain)
    create_chain                             0x08002c11   Thumb Code   176  ff.o(i.create_chain)
    i.create_name                            0x08002cc0   Section        0  ff.o(i.create_name)
    create_name                              0x08002cc1   Thumb Code   234  ff.o(i.create_name)
    i.dec_lock                               0x08002dc0   Section        0  ff.o(i.dec_lock)
    dec_lock                                 0x08002dc1   Thumb Code    54  ff.o(i.dec_lock)
    i.dir_next                               0x08002dfc   Section        0  ff.o(i.dir_next)
    dir_next                                 0x08002dfd   Thumb Code   286  ff.o(i.dir_next)
    i.dir_register                           0x08002f1a   Section        0  ff.o(i.dir_register)
    dir_register                             0x08002f1b   Thumb Code   118  ff.o(i.dir_register)
    i.dir_sdi                                0x08002f90   Section        0  ff.o(i.dir_sdi)
    dir_sdi                                  0x08002f91   Thumb Code   152  ff.o(i.dir_sdi)
    i.disk_initialize                        0x08003028   Section        0  diskio.o(i.disk_initialize)
    i.disk_ioctl                             0x08003050   Section        0  diskio.o(i.disk_ioctl)
    i.disk_read                              0x0800306c   Section        0  diskio.o(i.disk_read)
    i.disk_status                            0x08003088   Section        0  diskio.o(i.disk_status)
    i.disk_write                             0x080030a0   Section        0  diskio.o(i.disk_write)
    i.f_close                                0x080030bc   Section        0  ff.o(i.f_close)
    i.f_mount                                0x080030e8   Section        0  ff.o(i.f_mount)
    i.f_open                                 0x08003144   Section        0  ff.o(i.f_open)
    i.f_read                                 0x080032e4   Section        0  ff.o(i.f_read)
    i.f_sync                                 0x08003470   Section        0  ff.o(i.f_sync)
    i.find_volume                            0x08003528   Section        0  ff.o(i.find_volume)
    find_volume                              0x08003529   Thumb Code   588  ff.o(i.find_volume)
    i.follow_path                            0x08003780   Section        0  ff.o(i.follow_path)
    follow_path                              0x08003781   Thumb Code   192  ff.o(i.follow_path)
    i.get_fat                                0x08003840   Section        0  ff.o(i.get_fat)
    i.get_fattime                            0x08003902   Section        0  fatfs.o(i.get_fattime)
    i.get_ldnumber                           0x08003906   Section        0  ff.o(i.get_ldnumber)
    get_ldnumber                             0x08003907   Thumb Code    60  ff.o(i.get_ldnumber)
    i.inc_lock                               0x08003944   Section        0  ff.o(i.inc_lock)
    inc_lock                                 0x08003945   Thumb Code   154  ff.o(i.inc_lock)
    i.ld_clust                               0x080039e4   Section        0  ff.o(i.ld_clust)
    ld_clust                                 0x080039e5   Thumb Code    20  ff.o(i.ld_clust)
    i.main                                   0x080039f8   Section        0  main.o(i.main)
    i.mem_cpy                                0x08003cec   Section        0  ff.o(i.mem_cpy)
    mem_cpy                                  0x08003ced   Thumb Code    18  ff.o(i.mem_cpy)
    i.mem_set                                0x08003cfe   Section        0  ff.o(i.mem_set)
    mem_set                                  0x08003cff   Thumb Code    14  ff.o(i.mem_set)
    i.move_window                            0x08003d0c   Section        0  ff.o(i.move_window)
    move_window                              0x08003d0d   Thumb Code    54  ff.o(i.move_window)
    i.put_fat                                0x08003d42   Section        0  ff.o(i.put_fat)
    i.remove_chain                           0x08003e3a   Section        0  ff.o(i.remove_chain)
    remove_chain                             0x08003e3b   Thumb Code   110  ff.o(i.remove_chain)
    i.spi_readwrite                          0x08003ea8   Section        0  sd.o(i.spi_readwrite)
    i.st_clust                               0x08003ec8   Section        0  ff.o(i.st_clust)
    st_clust                                 0x08003ec9   Thumb Code    16  ff.o(i.st_clust)
    i.sync_fs                                0x08003ed8   Section        0  ff.o(i.sync_fs)
    sync_fs                                  0x08003ed9   Thumb Code   182  ff.o(i.sync_fs)
    i.sync_window                            0x08003f8e   Section        0  ff.o(i.sync_window)
    sync_window                              0x08003f8f   Thumb Code    96  ff.o(i.sync_window)
    i.validate                               0x08003fee   Section        0  ff.o(i.validate)
    validate                                 0x08003fef   Thumb Code    44  ff.o(i.validate)
    i.x_go                                   0x0800401c   Section        0  main.o(i.x_go)
    i.y_go                                   0x0800406c   Section        0  main.o(i.y_go)
    .constdata                               0x080040bc   Section       18  stm32f1xx_hal_rcc.o(.constdata)
    aPredivFactorTable                       0x080040bc   Data           2  stm32f1xx_hal_rcc.o(.constdata)
    aPLLMULFactorTable                       0x080040be   Data          16  stm32f1xx_hal_rcc.o(.constdata)
    .constdata                               0x080040ce   Section       16  system_stm32f1xx.o(.constdata)
    .constdata                               0x080040de   Section        8  system_stm32f1xx.o(.constdata)
    .constdata                               0x080040e6   Section      172  ff.o(.constdata)
    ExCvt                                    0x080040e6   Data         128  ff.o(.constdata)
    vst                                      0x08004166   Data          22  ff.o(.constdata)
    cst                                      0x0800417c   Data          22  ff.o(.constdata)
    .data                                    0x20000000   Section        2  sd.o(.data)
    .data                                    0x20000004   Section       32  main.o(.data)
    .data                                    0x20000024   Section       20  user_diskio.o(.data)
    .data                                    0x20000038   Section        5  fatfs.o(.data)
    .data                                    0x20000040   Section       12  stm32f1xx_hal.o(.data)
    .data                                    0x2000004c   Section        4  system_stm32f1xx.o(.data)
    .data                                    0x20000050   Section        8  ff.o(.data)
    Fsid                                     0x20000050   Data           2  ff.o(.data)
    FatFs                                    0x20000054   Data           4  ff.o(.data)
    .bss                                     0x20000058   Section     2640  main.o(.bss)
    .bss                                     0x20000aa8   Section       88  spi.o(.bss)
    .bss                                     0x20000b00   Section       72  tim.o(.bss)
    .bss                                     0x20000b48   Section       72  usart.o(.bss)
    .bss                                     0x20000b90   Section       24  ff.o(.bss)
    Files                                    0x20000b90   Data          24  ff.o(.bss)
    .bss                                     0x20000ba8   Section       12  ff_gen_drv.o(.bss)
    .bss                                     0x20000bb4   Section       96  libspace.o(.bss)
    HEAP                                     0x20000c18   Section      512  startup_stm32f103xb.o(HEAP)
    Heap_Mem                                 0x20000c18   Data         512  startup_stm32f103xb.o(HEAP)
    STACK                                    0x20000e18   Section     8192  startup_stm32f103xb.o(STACK)
    Stack_Mem                                0x20000e18   Data        8192  startup_stm32f103xb.o(STACK)
    __initial_sp                             0x20002e18   Data           0  startup_stm32f103xb.o(STACK)

    Global Symbols

    Symbol Name                              Value     Ov Type        Size  Object(Section)

    BuildAttributes$$THM_ISAv4$P$D$K$B$S$PE$A:L22UL41UL21$X:L11$S22US41US21$IEEE1$IW$USESV6$~STKCKD$USESV7$~SHL$OSPACE$ROPI$EBA8$UX$STANDARDLIB$REQ8$PRES8$EABIv2 0x00000000   Number         0  anon$$obj.o ABSOLUTE
    __ARM_use_no_argv                        0x00000000   Number         0  main.o ABSOLUTE
    _printf_flags                            0x00000000   Number         0  printf_stubs.o ABSOLUTE
    _printf_return_value                     0x00000000   Number         0  printf_stubs.o ABSOLUTE
    _printf_sizespec                         0x00000000   Number         0  printf_stubs.o ABSOLUTE
    _printf_widthprec                        0x00000000   Number         0  printf_stubs.o ABSOLUTE
    __ARM_exceptions_init                     - Undefined Weak Reference
    __alloca_initialize                       - Undefined Weak Reference
    __arm_preinit_                            - Undefined Weak Reference
    __cpp_initialize__aeabi_                  - Undefined Weak Reference
    __cxa_finalize                            - Undefined Weak Reference
    __rt_locale                               - Undefined Weak Reference
    __sigvec_lookup                           - Undefined Weak Reference
    _atexit_init                              - Undefined Weak Reference
    _call_atexit_fns                          - Undefined Weak Reference
    _clock_init                               - Undefined Weak Reference
    _fp_trap_init                             - Undefined Weak Reference
    _fp_trap_shutdown                         - Undefined Weak Reference
    _get_lc_collate                           - Undefined Weak Reference
    _get_lc_ctype                             - Undefined Weak Reference
    _get_lc_monetary                          - Undefined Weak Reference
    _get_lc_numeric                           - Undefined Weak Reference
    _get_lc_time                              - Undefined Weak Reference
    _getenv_init                              - Undefined Weak Reference
    _handle_redirection                       - Undefined Weak Reference
    _init_alloc                               - Undefined Weak Reference
    _init_user_alloc                          - Undefined Weak Reference
    _initio                                   - Undefined Weak Reference
    _printf_mbtowc                            - Undefined Weak Reference
    _printf_post_padding                      - Undefined Weak Reference
    _printf_pre_padding                       - Undefined Weak Reference
    _rand_init                                - Undefined Weak Reference
    _signal_finish                            - Undefined Weak Reference
    _signal_init                              - Undefined Weak Reference
    _terminate_alloc                          - Undefined Weak Reference
    _terminate_user_alloc                     - Undefined Weak Reference
    _terminateio                              - Undefined Weak Reference
    __Vectors_Size                           0x000000ec   Number         0  startup_stm32f103xb.o ABSOLUTE
    __Vectors                                0x08000000   Data           4  startup_stm32f103xb.o(RESET)
    __Vectors_End                            0x080000ec   Data           0  startup_stm32f103xb.o(RESET)
    __main                                   0x080000ed   Thumb Code     8  __main.o(!!!main)
    __scatterload                            0x080000f5   Thumb Code     0  __scatter.o(!!!scatter)
    __scatterload_rt2                        0x080000f5   Thumb Code    44  __scatter.o(!!!scatter)
    __scatterload_rt2_thumb_only             0x080000f5   Thumb Code     0  __scatter.o(!!!scatter)
    __scatterload_null                       0x08000103   Thumb Code     0  __scatter.o(!!!scatter)
    __scatterload_copy                       0x08000129   Thumb Code    26  __scatter_copy.o(!!handler_copy)
    __scatterload_zeroinit                   0x08000145   Thumb Code    28  __scatter_zi.o(!!handler_zi)
    _printf_d                                0x08000161   Thumb Code     0  _printf_d.o(.ARM.Collect$$_printf_percent$$00000009)
    _printf_percent                          0x08000161   Thumb Code     0  _printf_percent.o(.ARM.Collect$$_printf_percent$$00000000)
    _printf_s                                0x08000167   Thumb Code     0  _printf_s.o(.ARM.Collect$$_printf_percent$$00000014)
    _printf_percent_end                      0x0800016d   Thumb Code     0  _printf_percent_end.o(.ARM.Collect$$_printf_percent$$00000017)
    __rt_lib_init                            0x08000171   Thumb Code     0  libinit.o(.ARM.Collect$$libinit$$00000000)
    __rt_lib_init_alloca_1                   0x08000173   Thumb Code     0  libinit2.o(.ARM.Collect$$libinit$$0000002E)
    __rt_lib_init_argv_1                     0x08000173   Thumb Code     0  libinit2.o(.ARM.Collect$$libinit$$0000002C)
    __rt_lib_init_atexit_1                   0x08000173   Thumb Code     0  libinit2.o(.ARM.Collect$$libinit$$0000001B)
    __rt_lib_init_clock_1                    0x08000173   Thumb Code     0  libinit2.o(.ARM.Collect$$libinit$$00000021)
    __rt_lib_init_cpp_1                      0x08000173   Thumb Code     0  libinit2.o(.ARM.Collect$$libinit$$00000032)
    __rt_lib_init_exceptions_1               0x08000173   Thumb Code     0  libinit2.o(.ARM.Collect$$libinit$$00000030)
    __rt_lib_init_fp_1                       0x08000173   Thumb Code     0  libinit2.o(.ARM.Collect$$libinit$$00000002)
    __rt_lib_init_fp_trap_1                  0x08000173   Thumb Code     0  libinit2.o(.ARM.Collect$$libinit$$0000001F)
    __rt_lib_init_getenv_1                   0x08000173   Thumb Code     0  libinit2.o(.ARM.Collect$$libinit$$00000023)
    __rt_lib_init_heap_1                     0x08000173   Thumb Code     0  libinit2.o(.ARM.Collect$$libinit$$0000000A)
    __rt_lib_init_lc_collate_1               0x08000173   Thumb Code     0  libinit2.o(.ARM.Collect$$libinit$$00000011)
    __rt_lib_init_lc_ctype_1                 0x08000173   Thumb Code     0  libinit2.o(.ARM.Collect$$libinit$$00000013)
    __rt_lib_init_lc_monetary_1              0x08000173   Thumb Code     0  libinit2.o(.ARM.Collect$$libinit$$00000015)
    __rt_lib_init_lc_numeric_1               0x08000173   Thumb Code     0  libinit2.o(.ARM.Collect$$libinit$$00000017)
    __rt_lib_init_lc_time_1                  0x08000173   Thumb Code     0  libinit2.o(.ARM.Collect$$libinit$$00000019)
    __rt_lib_init_preinit_1                  0x08000173   Thumb Code     0  libinit2.o(.ARM.Collect$$libinit$$00000004)
    __rt_lib_init_rand_1                     0x08000173   Thumb Code     0  libinit2.o(.ARM.Collect$$libinit$$0000000E)
    __rt_lib_init_return                     0x08000173   Thumb Code     0  libinit2.o(.ARM.Collect$$libinit$$00000033)
    __rt_lib_init_signal_1                   0x08000173   Thumb Code     0  libinit2.o(.ARM.Collect$$libinit$$0000001D)
    __rt_lib_init_stdio_1                    0x08000173   Thumb Code     0  libinit2.o(.ARM.Collect$$libinit$$00000025)
    __rt_lib_init_user_alloc_1               0x08000173   Thumb Code     0  libinit2.o(.ARM.Collect$$libinit$$0000000C)
    __rt_lib_shutdown                        0x08000175   Thumb Code     0  libshutdown.o(.ARM.Collect$$libshutdown$$00000000)
    __rt_lib_shutdown_cpp_1                  0x08000177   Thumb Code     0  libshutdown2.o(.ARM.Collect$$libshutdown$$00000002)
    __rt_lib_shutdown_fp_trap_1              0x08000177   Thumb Code     0  libshutdown2.o(.ARM.Collect$$libshutdown$$00000007)
    __rt_lib_shutdown_heap_1                 0x08000177   Thumb Code     0  libshutdown2.o(.ARM.Collect$$libshutdown$$0000000F)
    __rt_lib_shutdown_return                 0x08000177   Thumb Code     0  libshutdown2.o(.ARM.Collect$$libshutdown$$00000010)
    __rt_lib_shutdown_signal_1               0x08000177   Thumb Code     0  libshutdown2.o(.ARM.Collect$$libshutdown$$0000000A)
    __rt_lib_shutdown_stdio_1                0x08000177   Thumb Code     0  libshutdown2.o(.ARM.Collect$$libshutdown$$00000004)
    __rt_lib_shutdown_user_alloc_1           0x08000177   Thumb Code     0  libshutdown2.o(.ARM.Collect$$libshutdown$$0000000C)
    __rt_entry                               0x08000179   Thumb Code     0  __rtentry.o(.ARM.Collect$$rtentry$$00000000)
    __rt_entry_presh_1                       0x08000179   Thumb Code     0  __rtentry2.o(.ARM.Collect$$rtentry$$00000002)
    __rt_entry_sh                            0x08000179   Thumb Code     0  __rtentry4.o(.ARM.Collect$$rtentry$$00000004)
    __rt_entry_li                            0x0800017f   Thumb Code     0  __rtentry2.o(.ARM.Collect$$rtentry$$0000000A)
    __rt_entry_postsh_1                      0x0800017f   Thumb Code     0  __rtentry2.o(.ARM.Collect$$rtentry$$00000009)
    __rt_entry_main                          0x08000183   Thumb Code     0  __rtentry2.o(.ARM.Collect$$rtentry$$0000000D)
    __rt_entry_postli_1                      0x08000183   Thumb Code     0  __rtentry2.o(.ARM.Collect$$rtentry$$0000000C)
    __rt_exit                                0x0800018b   Thumb Code     0  rtexit.o(.ARM.Collect$$rtexit$$00000000)
    __rt_exit_ls                             0x0800018d   Thumb Code     0  rtexit2.o(.ARM.Collect$$rtexit$$00000003)
    __rt_exit_prels_1                        0x0800018d   Thumb Code     0  rtexit2.o(.ARM.Collect$$rtexit$$00000002)
    __rt_exit_exit                           0x08000191   Thumb Code     0  rtexit2.o(.ARM.Collect$$rtexit$$00000004)
    Reset_Handler                            0x08000199   Thumb Code     8  startup_stm32f103xb.o(.text)
    ADC1_2_IRQHandler                        0x080001b3   Thumb Code     0  startup_stm32f103xb.o(.text)
    CAN1_RX1_IRQHandler                      0x080001b3   Thumb Code     0  startup_stm32f103xb.o(.text)
    CAN1_SCE_IRQHandler                      0x080001b3   Thumb Code     0  startup_stm32f103xb.o(.text)
    DMA1_Channel1_IRQHandler                 0x080001b3   Thumb Code     0  startup_stm32f103xb.o(.text)
    DMA1_Channel2_IRQHandler                 0x080001b3   Thumb Code     0  startup_stm32f103xb.o(.text)
    DMA1_Channel3_IRQHandler                 0x080001b3   Thumb Code     0  startup_stm32f103xb.o(.text)
    DMA1_Channel4_IRQHandler                 0x080001b3   Thumb Code     0  startup_stm32f103xb.o(.text)
    DMA1_Channel5_IRQHandler                 0x080001b3   Thumb Code     0  startup_stm32f103xb.o(.text)
    DMA1_Channel6_IRQHandler                 0x080001b3   Thumb Code     0  startup_stm32f103xb.o(.text)
    DMA1_Channel7_IRQHandler                 0x080001b3   Thumb Code     0  startup_stm32f103xb.o(.text)
    EXTI0_IRQHandler                         0x080001b3   Thumb Code     0  startup_stm32f103xb.o(.text)
    EXTI15_10_IRQHandler                     0x080001b3   Thumb Code     0  startup_stm32f103xb.o(.text)
    EXTI1_IRQHandler                         0x080001b3   Thumb Code     0  startup_stm32f103xb.o(.text)
    EXTI2_IRQHandler                         0x080001b3   Thumb Code     0  startup_stm32f103xb.o(.text)
    EXTI3_IRQHandler                         0x080001b3   Thumb Code     0  startup_stm32f103xb.o(.text)
    EXTI4_IRQHandler                         0x080001b3   Thumb Code     0  startup_stm32f103xb.o(.text)
    EXTI9_5_IRQHandler                       0x080001b3   Thumb Code     0  startup_stm32f103xb.o(.text)
    FLASH_IRQHandler                         0x080001b3   Thumb Code     0  startup_stm32f103xb.o(.text)
    I2C1_ER_IRQHandler                       0x080001b3   Thumb Code     0  startup_stm32f103xb.o(.text)
    I2C1_EV_IRQHandler                       0x080001b3   Thumb Code     0  startup_stm32f103xb.o(.text)
    I2C2_ER_IRQHandler                       0x080001b3   Thumb Code     0  startup_stm32f103xb.o(.text)
    I2C2_EV_IRQHandler                       0x080001b3   Thumb Code     0  startup_stm32f103xb.o(.text)
    PVD_IRQHandler                           0x080001b3   Thumb Code     0  startup_stm32f103xb.o(.text)
    RCC_IRQHandler                           0x080001b3   Thumb Code     0  startup_stm32f103xb.o(.text)
    RTC_Alarm_IRQHandler                     0x080001b3   Thumb Code     0  startup_stm32f103xb.o(.text)
    RTC_IRQHandler                           0x080001b3   Thumb Code     0  startup_stm32f103xb.o(.text)
    SPI1_IRQHandler                          0x080001b3   Thumb Code     0  startup_stm32f103xb.o(.text)
    SPI2_IRQHandler                          0x080001b3   Thumb Code     0  startup_stm32f103xb.o(.text)
    TAMPER_IRQHandler                        0x080001b3   Thumb Code     0  startup_stm32f103xb.o(.text)
    TIM1_BRK_IRQHandler                      0x080001b3   Thumb Code     0  startup_stm32f103xb.o(.text)
    TIM1_CC_IRQHandler                       0x080001b3   Thumb Code     0  startup_stm32f103xb.o(.text)
    TIM1_TRG_COM_IRQHandler                  0x080001b3   Thumb Code     0  startup_stm32f103xb.o(.text)
    TIM2_IRQHandler                          0x080001b3   Thumb Code     0  startup_stm32f103xb.o(.text)
    TIM3_IRQHandler                          0x080001b3   Thumb Code     0  startup_stm32f103xb.o(.text)
    TIM4_IRQHandler                          0x080001b3   Thumb Code     0  startup_stm32f103xb.o(.text)
    USART2_IRQHandler                        0x080001b3   Thumb Code     0  startup_stm32f103xb.o(.text)
    USART3_IRQHandler                        0x080001b3   Thumb Code     0  startup_stm32f103xb.o(.text)
    USBWakeUp_IRQHandler                     0x080001b3   Thumb Code     0  startup_stm32f103xb.o(.text)
    USB_HP_CAN1_TX_IRQHandler                0x080001b3   Thumb Code     0  startup_stm32f103xb.o(.text)
    USB_LP_CAN1_RX0_IRQHandler               0x080001b3   Thumb Code     0  startup_stm32f103xb.o(.text)
    WWDG_IRQHandler                          0x080001b3   Thumb Code     0  startup_stm32f103xb.o(.text)
    __user_initial_stackheap                 0x080001b5   Thumb Code     0  startup_stm32f103xb.o(.text)
    __2sprintf                               0x080001d9   Thumb Code    38  __2sprintf.o(.text)
    _printf_truncate_signed                  0x08000205   Thumb Code    18  _printf_truncate.o(.text)
    _printf_truncate_unsigned                0x08000217   Thumb Code    18  _printf_truncate.o(.text)
    _printf_str                              0x08000229   Thumb Code    82  _printf_str.o(.text)
    _printf_int_dec                          0x0800027d   Thumb Code   104  _printf_dec.o(.text)
    __printf                                 0x080002f5   Thumb Code   184  __printf_ss.o(.text)
    strncmp                                  0x080003ad   Thumb Code   150  strncmp.o(.text)
    __aeabi_memclr4                          0x08000443   Thumb Code     0  rt_memclr_w.o(.text)
    __aeabi_memclr8                          0x08000443   Thumb Code     0  rt_memclr_w.o(.text)
    __rt_memclr_w                            0x08000443   Thumb Code    78  rt_memclr_w.o(.text)
    _memset_w                                0x08000447   Thumb Code     0  rt_memclr_w.o(.text)
    __use_two_region_memory                  0x08000491   Thumb Code     2  heapauxi.o(.text)
    __rt_heap_escrow$2region                 0x08000493   Thumb Code     2  heapauxi.o(.text)
    __rt_heap_expand$2region                 0x08000495   Thumb Code     2  heapauxi.o(.text)
    _printf_int_common                       0x08000497   Thumb Code   178  _printf_intcommon.o(.text)
    _printf_char_common                      0x08000553   Thumb Code    32  _printf_char_common.o(.text)
    _sputc                                   0x08000579   Thumb Code    10  _sputc.o(.text)
    _printf_cs_common                        0x08000583   Thumb Code    20  _printf_char.o(.text)
    _printf_char                             0x08000597   Thumb Code    16  _printf_char.o(.text)
    _printf_string                           0x080005a7   Thumb Code     8  _printf_char.o(.text)
    __user_setup_stackheap                   0x080005af   Thumb Code    74  sys_stackheap_outer.o(.text)
    exit                                     0x080005f9   Thumb Code    18  exit.o(.text)
    __user_libspace                          0x0800060d   Thumb Code     8  libspace.o(.text)
    __user_perproc_libspace                  0x0800060d   Thumb Code     0  libspace.o(.text)
    __user_perthread_libspace                0x0800060d   Thumb Code     0  libspace.o(.text)
    _sys_exit                                0x08000615   Thumb Code     8  sys_exit.o(.text)
    __I$use$semihosting                      0x08000621   Thumb Code     0  use_no_semi.o(.text)
    __use_no_semihosting_swi                 0x08000621   Thumb Code     2  use_no_semi.o(.text)
    BusFault_Handler                         0x08000623   Thumb Code     2  stm32f1xx_it.o(i.BusFault_Handler)
    __semihosting_library_function           0x08000623   Thumb Code     0  indicate_semi.o(.text)
    DebugMon_Handler                         0x08000625   Thumb Code     2  stm32f1xx_it.o(i.DebugMon_Handler)
    Error_Handler                            0x08000627   Thumb Code     4  main.o(i.Error_Handler)
    FATFS_LinkDriver                         0x0800062b   Thumb Code     6  ff_gen_drv.o(i.FATFS_LinkDriver)
    FATFS_LinkDriverEx                       0x08000631   Thumb Code    60  ff_gen_drv.o(i.FATFS_LinkDriverEx)
    HAL_DMA_Abort                            0x08000671   Thumb Code    70  stm32f1xx_hal_dma.o(i.HAL_DMA_Abort)
    HAL_DMA_Abort_IT                         0x080006b9   Thumb Code   148  stm32f1xx_hal_dma.o(i.HAL_DMA_Abort_IT)
    HAL_Delay                                0x08000751   Thumb Code    32  stm32f1xx_hal.o(i.HAL_Delay)
    HAL_GPIO_Init                            0x08000775   Thumb Code   446  stm32f1xx_hal_gpio.o(i.HAL_GPIO_Init)
    HAL_GPIO_WritePin                        0x08000955   Thumb Code    10  stm32f1xx_hal_gpio.o(i.HAL_GPIO_WritePin)
    HAL_GetTick                              0x08000961   Thumb Code     6  stm32f1xx_hal.o(i.HAL_GetTick)
    HAL_IncTick                              0x0800096d   Thumb Code    12  stm32f1xx_hal.o(i.HAL_IncTick)
    HAL_Init                                 0x0800097d   Thumb Code    32  stm32f1xx_hal.o(i.HAL_Init)
    HAL_InitTick                             0x080009a1   Thumb Code    54  stm32f1xx_hal.o(i.HAL_InitTick)
    HAL_MspInit                              0x080009e1   Thumb Code    52  stm32f1xx_hal_msp.o(i.HAL_MspInit)
    HAL_NVIC_EnableIRQ                       0x08000a1d   Thumb Code    26  stm32f1xx_hal_cortex.o(i.HAL_NVIC_EnableIRQ)
    HAL_NVIC_SetPriority                     0x08000a39   Thumb Code    60  stm32f1xx_hal_cortex.o(i.HAL_NVIC_SetPriority)
    HAL_NVIC_SetPriorityGrouping             0x08000a79   Thumb Code    26  stm32f1xx_hal_cortex.o(i.HAL_NVIC_SetPriorityGrouping)
    HAL_RCC_ClockConfig                      0x08000a9d   Thumb Code   280  stm32f1xx_hal_rcc.o(i.HAL_RCC_ClockConfig)
    HAL_RCC_GetPCLK1Freq                     0x08000bc9   Thumb Code    20  stm32f1xx_hal_rcc.o(i.HAL_RCC_GetPCLK1Freq)
    HAL_RCC_GetPCLK2Freq                     0x08000be9   Thumb Code    20  stm32f1xx_hal_rcc.o(i.HAL_RCC_GetPCLK2Freq)
    HAL_RCC_GetSysClockFreq                  0x08000c09   Thumb Code    58  stm32f1xx_hal_rcc.o(i.HAL_RCC_GetSysClockFreq)
    HAL_RCC_OscConfig                        0x08000c55   Thumb Code   778  stm32f1xx_hal_rcc.o(i.HAL_RCC_OscConfig)
    HAL_SPI_Init                             0x08000f75   Thumb Code   178  stm32f1xx_hal_spi.o(i.HAL_SPI_Init)
    HAL_SPI_MspInit                          0x08001029   Thumb Code    98  spi.o(i.HAL_SPI_MspInit)
    HAL_SPI_TransmitReceive                  0x08001099   Thumb Code   496  stm32f1xx_hal_spi.o(i.HAL_SPI_TransmitReceive)
    HAL_SYSTICK_Config                       0x08001289   Thumb Code    40  stm32f1xx_hal_cortex.o(i.HAL_SYSTICK_Config)
    HAL_TIMEx_BreakCallback                  0x080012b1   Thumb Code     2  stm32f1xx_hal_tim_ex.o(i.HAL_TIMEx_BreakCallback)
    HAL_TIMEx_CommutCallback                 0x080012b3   Thumb Code     2  stm32f1xx_hal_tim_ex.o(i.HAL_TIMEx_CommutCallback)
    HAL_TIMEx_ConfigBreakDeadTime            0x080012b5   Thumb Code    84  stm32f1xx_hal_tim_ex.o(i.HAL_TIMEx_ConfigBreakDeadTime)
    HAL_TIMEx_MasterConfigSynchronization    0x08001309   Thumb Code    92  stm32f1xx_hal_tim_ex.o(i.HAL_TIMEx_MasterConfigSynchronization)
    HAL_TIM_Base_Init                        0x08001371   Thumb Code    90  stm32f1xx_hal_tim.o(i.HAL_TIM_Base_Init)
    HAL_TIM_Base_MspInit                     0x080013cd   Thumb Code    50  tim.o(i.HAL_TIM_Base_MspInit)
    HAL_TIM_ConfigClockSource                0x08001409   Thumb Code   220  stm32f1xx_hal_tim.o(i.HAL_TIM_ConfigClockSource)
    HAL_TIM_IC_CaptureCallback               0x080014e5   Thumb Code     2  stm32f1xx_hal_tim.o(i.HAL_TIM_IC_CaptureCallback)
    HAL_TIM_IRQHandler                       0x080014e7   Thumb Code   304  stm32f1xx_hal_tim.o(i.HAL_TIM_IRQHandler)
    HAL_TIM_MspPostInit                      0x08001619   Thumb Code    64  tim.o(i.HAL_TIM_MspPostInit)
    HAL_TIM_OC_DelayElapsedCallback          0x08001665   Thumb Code     2  stm32f1xx_hal_tim.o(i.HAL_TIM_OC_DelayElapsedCallback)
    HAL_TIM_PWM_ConfigChannel                0x08001667   Thumb Code   204  stm32f1xx_hal_tim.o(i.HAL_TIM_PWM_ConfigChannel)
    HAL_TIM_PWM_Init                         0x08001733   Thumb Code    90  stm32f1xx_hal_tim.o(i.HAL_TIM_PWM_Init)
    HAL_TIM_PWM_MspInit                      0x0800178d   Thumb Code     2  stm32f1xx_hal_tim.o(i.HAL_TIM_PWM_MspInit)
    HAL_TIM_PWM_PulseFinishedCallback        0x0800178f   Thumb Code     2  stm32f1xx_hal_tim.o(i.HAL_TIM_PWM_PulseFinishedCallback)
    HAL_TIM_PWM_Start                        0x08001791   Thumb Code   144  stm32f1xx_hal_tim.o(i.HAL_TIM_PWM_Start)
    HAL_TIM_PWM_Stop                         0x0800182d   Thumb Code   108  stm32f1xx_hal_tim.o(i.HAL_TIM_PWM_Stop)
    HAL_TIM_PeriodElapsedCallback            0x0800189d   Thumb Code    78  tim.o(i.HAL_TIM_PeriodElapsedCallback)
    HAL_TIM_TriggerCallback                  0x080018fd   Thumb Code     2  stm32f1xx_hal_tim.o(i.HAL_TIM_TriggerCallback)
    HAL_UARTEx_ReceiveToIdle_IT              0x080018ff   Thumb Code    78  stm32f1xx_hal_uart.o(i.HAL_UARTEx_ReceiveToIdle_IT)
    HAL_UARTEx_RxEventCallback               0x0800194d   Thumb Code    18  usart.o(i.HAL_UARTEx_RxEventCallback)
    HAL_UART_ErrorCallback                   0x0800196d   Thumb Code     2  stm32f1xx_hal_uart.o(i.HAL_UART_ErrorCallback)
    HAL_UART_IRQHandler                      0x08001971   Thumb Code   616  stm32f1xx_hal_uart.o(i.HAL_UART_IRQHandler)
    HAL_UART_Init                            0x08001bdd   Thumb Code   100  stm32f1xx_hal_uart.o(i.HAL_UART_Init)
    HAL_UART_MspInit                         0x08001c41   Thumb Code   128  usart.o(i.HAL_UART_MspInit)
    HAL_UART_RxCpltCallback                  0x08001cd1   Thumb Code     2  stm32f1xx_hal_uart.o(i.HAL_UART_RxCpltCallback)
    HAL_UART_Transmit                        0x08001cd3   Thumb Code   160  stm32f1xx_hal_uart.o(i.HAL_UART_Transmit)
    HAL_UART_TxCpltCallback                  0x08001d73   Thumb Code     2  stm32f1xx_hal_uart.o(i.HAL_UART_TxCpltCallback)
    HardFault_Handler                        0x08001d75   Thumb Code     2  stm32f1xx_it.o(i.HardFault_Handler)
    MX_FATFS_Init                            0x08001d79   Thumb Code    18  fatfs.o(i.MX_FATFS_Init)
    MX_GPIO_Init                             0x08001d95   Thumb Code   138  gpio.o(i.MX_GPIO_Init)
    MX_SPI1_Init                             0x08001e2d   Thumb Code    62  spi.o(i.MX_SPI1_Init)
    MX_TIM1_Init                             0x08001e75   Thumb Code   230  tim.o(i.MX_TIM1_Init)
    MX_USART1_UART_Init                      0x08001f65   Thumb Code    48  usart.o(i.MX_USART1_UART_Init)
    MemManage_Handler                        0x08001f9d   Thumb Code     2  stm32f1xx_it.o(i.MemManage_Handler)
    NMI_Handler                              0x08001f9f   Thumb Code     2  stm32f1xx_it.o(i.NMI_Handler)
    PendSV_Handler                           0x08001fa1   Thumb Code     2  stm32f1xx_it.o(i.PendSV_Handler)
    SD_CS                                    0x08001fa5   Thumb Code    18  sd.o(i.SD_CS)
    SD_GETCSD                                0x08001fbd   Thumb Code    46  sd.o(i.SD_GETCSD)
    SD_GetSectorCount                        0x08001feb   Thumb Code   110  sd.o(i.SD_GetSectorCount)
    SD_ReadDisk                              0x08002059   Thumb Code   108  sd.o(i.SD_ReadDisk)
    SD_ReceiveData                           0x080020c9   Thumb Code    64  sd.o(i.SD_ReceiveData)
    SD_SendBlock                             0x08002109   Thumb Code    80  sd.o(i.SD_SendBlock)
    SD_WriteDisk                             0x08002159   Thumb Code   130  sd.o(i.SD_WriteDisk)
    SD_init                                  0x080021e1   Thumb Code   334  sd.o(i.SD_init)
    SD_sendcmd                               0x08002335   Thumb Code   106  sd.o(i.SD_sendcmd)
    SPI_setspeed                             0x08002491   Thumb Code    22  sd.o(i.SPI_setspeed)
    SVC_Handler                              0x080024ad   Thumb Code     2  stm32f1xx_it.o(i.SVC_Handler)
    SysTick_Handler                          0x080024af   Thumb Code     4  stm32f1xx_it.o(i.SysTick_Handler)
    SystemClock_Config                       0x080024b3   Thumb Code    94  main.o(i.SystemClock_Config)
    SystemInit                               0x08002511   Thumb Code     2  system_stm32f1xx.o(i.SystemInit)
    TIM1_UP_IRQHandler                       0x08002515   Thumb Code     6  stm32f1xx_it.o(i.TIM1_UP_IRQHandler)
    TIM_Base_SetConfig                       0x08002521   Thumb Code   108  stm32f1xx_hal_tim.o(i.TIM_Base_SetConfig)
    TIM_CCxChannelCmd                        0x08002599   Thumb Code    26  stm32f1xx_hal_tim.o(i.TIM_CCxChannelCmd)
    TIM_ETR_SetConfig                        0x080025b3   Thumb Code    20  stm32f1xx_hal_tim.o(i.TIM_ETR_SetConfig)
    TIM_OC2_SetConfig                        0x08002629   Thumb Code    84  stm32f1xx_hal_tim.o(i.TIM_OC2_SetConfig)
    UART_Start_Receive_IT                    0x0800293d   Thumb Code    54  stm32f1xx_hal_uart.o(i.UART_Start_Receive_IT)
    USART1_IRQHandler                        0x080029e5   Thumb Code     6  stm32f1xx_it.o(i.USART1_IRQHandler)
    USER_initialize                          0x080029f1   Thumb Code    32  user_diskio.o(i.USER_initialize)
    USER_ioctl                               0x08002a11   Thumb Code    78  user_diskio.o(i.USER_ioctl)
    USER_read                                0x08002a5f   Thumb Code    34  user_diskio.o(i.USER_read)
    USER_status                              0x08002a81   Thumb Code    20  user_diskio.o(i.USER_status)
    USER_write                               0x08002a95   Thumb Code    34  user_diskio.o(i.USER_write)
    UsageFault_Handler                       0x08002ab7   Thumb Code     2  stm32f1xx_it.o(i.UsageFault_Handler)
    clust2sect                               0x08002bf3   Thumb Code    30  ff.o(i.clust2sect)
    disk_initialize                          0x08003029   Thumb Code    36  diskio.o(i.disk_initialize)
    disk_ioctl                               0x08003051   Thumb Code    24  diskio.o(i.disk_ioctl)
    disk_read                                0x0800306d   Thumb Code    24  diskio.o(i.disk_read)
    disk_status                              0x08003089   Thumb Code    18  diskio.o(i.disk_status)
    disk_write                               0x080030a1   Thumb Code    24  diskio.o(i.disk_write)
    f_close                                  0x080030bd   Thumb Code    42  ff.o(i.f_close)
    f_mount                                  0x080030e9   Thumb Code    88  ff.o(i.f_mount)
    f_open                                   0x08003145   Thumb Code   412  ff.o(i.f_open)
    f_read                                   0x080032e5   Thumb Code   396  ff.o(i.f_read)
    f_sync                                   0x08003471   Thumb Code   184  ff.o(i.f_sync)
    get_fat                                  0x08003841   Thumb Code   194  ff.o(i.get_fat)
    get_fattime                              0x08003903   Thumb Code     4  fatfs.o(i.get_fattime)
    main                                     0x080039f9   Thumb Code   528  main.o(i.main)
    put_fat                                  0x08003d43   Thumb Code   248  ff.o(i.put_fat)
    spi_readwrite                            0x08003ea9   Thumb Code    26  sd.o(i.spi_readwrite)
    x_go                                     0x0800401d   Thumb Code    68  main.o(i.x_go)
    y_go                                     0x0800406d   Thumb Code    68  main.o(i.y_go)
    AHBPrescTable                            0x080040ce   Data          16  system_stm32f1xx.o(.constdata)
    APBPrescTable                            0x080040de   Data           8  system_stm32f1xx.o(.constdata)
    Region$$Table$$Base                      0x08004194   Number         0  anon$$obj.o(Region$$Table)
    Region$$Table$$Limit                     0x080041b4   Number         0  anon$$obj.o(Region$$Table)
    DFF                                      0x20000000   Data           1  sd.o(.data)
    SD_TYPE                                  0x20000001   Data           1  sd.o(.data)
    usart_flag                               0x20000004   Data           1  main.o(.data)
    x_motor_flag                             0x20000005   Data           1  main.o(.data)
    y_motor_flag                             0x20000006   Data           1  main.o(.data)
    rv                                       0x20000007   Data           1  main.o(.data)
    wh                                       0x20000008   Data           4  main.o(.data)
    x_go_step                                0x2000000c   Data           4  main.o(.data)
    y_go_step                                0x20000010   Data           4  main.o(.data)
    x_steps                                  0x20000014   Data           4  main.o(.data)
    y_steps                                  0x20000018   Data           4  main.o(.data)
    fnum                                     0x2000001c   Data           4  main.o(.data)
    buf_size                                 0x20000020   Data           4  main.o(.data)
    USER_Driver                              0x20000024   Data          20  user_diskio.o(.data)
    retUSER                                  0x20000038   Data           1  fatfs.o(.data)
    USERPath                                 0x20000039   Data           4  fatfs.o(.data)
    uwTickFreq                               0x20000040   Data           1  stm32f1xx_hal.o(.data)
    uwTickPrio                               0x20000044   Data           4  stm32f1xx_hal.o(.data)
    uwTick                                   0x20000048   Data           4  stm32f1xx_hal.o(.data)
    SystemCoreClock                          0x2000004c   Data           4  system_stm32f1xx.o(.data)
    fs                                       0x20000058   Data         560  main.o(.bss)
    fil                                      0x20000288   Data         556  main.o(.bss)
    buf                                      0x200004b4   Data        1024  main.o(.bss)
    line                                     0x200008b4   Data         500  main.o(.bss)
    hspi1                                    0x20000aa8   Data          88  spi.o(.bss)
    htim1                                    0x20000b00   Data          72  tim.o(.bss)
    huart1                                   0x20000b48   Data          72  usart.o(.bss)
    disk                                     0x20000ba8   Data          12  ff_gen_drv.o(.bss)
    __libspace_start                         0x20000bb4   Data          96  libspace.o(.bss)
    __temporary_stack_top$libspace           0x20000c14   Data           0  libspace.o(.bss)



==============================================================================

Memory Map of the image

  Image Entry point : 0x080000ed

  Load Region LR_IROM1 (Base: 0x08000000, Size: 0x0000420c, Max: 0x00010000, ABSOLUTE)

    Execution Region ER_IROM1 (Exec base: 0x08000000, Load base: 0x08000000, Size: 0x000041b4, Max: 0x00010000, ABSOLUTE)

    Exec Addr    Load Addr    Size         Type   Attr      Idx    E Section Name        Object

    0x08000000   0x08000000   0x000000ec   Data   RO            3    RESET               startup_stm32f103xb.o
    0x080000ec   0x080000ec   0x00000008   Code   RO         3899  * !!!main             c_w.l(__main.o)
    0x080000f4   0x080000f4   0x00000034   Code   RO         4067    !!!scatter          c_w.l(__scatter.o)
    0x08000128   0x08000128   0x0000001a   Code   RO         4069    !!handler_copy      c_w.l(__scatter_copy.o)
    0x08000142   0x08000142   0x00000002   PAD
    0x08000144   0x08000144   0x0000001c   Code   RO         4071    !!handler_zi        c_w.l(__scatter_zi.o)
    0x08000160   0x08000160   0x00000000   Code   RO         3892    .ARM.Collect$$_printf_percent$$00000000  c_w.l(_printf_percent.o)
    0x08000160   0x08000160   0x00000006   Code   RO         3891    .ARM.Collect$$_printf_percent$$00000009  c_w.l(_printf_d.o)
    0x08000166   0x08000166   0x00000006   Code   RO         3890    .ARM.Collect$$_printf_percent$$00000014  c_w.l(_printf_s.o)
    0x0800016c   0x0800016c   0x00000004   Code   RO         3910    .ARM.Collect$$_printf_percent$$00000017  c_w.l(_printf_percent_end.o)
    0x08000170   0x08000170   0x00000002   Code   RO         3937    .ARM.Collect$$libinit$$00000000  c_w.l(libinit.o)
    0x08000172   0x08000172   0x00000000   Code   RO         3944    .ARM.Collect$$libinit$$00000002  c_w.l(libinit2.o)
    0x08000172   0x08000172   0x00000000   Code   RO         3946    .ARM.Collect$$libinit$$00000004  c_w.l(libinit2.o)
    0x08000172   0x08000172   0x00000000   Code   RO         3949    .ARM.Collect$$libinit$$0000000A  c_w.l(libinit2.o)
    0x08000172   0x08000172   0x00000000   Code   RO         3951    .ARM.Collect$$libinit$$0000000C  c_w.l(libinit2.o)
    0x08000172   0x08000172   0x00000000   Code   RO         3953    .ARM.Collect$$libinit$$0000000E  c_w.l(libinit2.o)
    0x08000172   0x08000172   0x00000000   Code   RO         3956    .ARM.Collect$$libinit$$00000011  c_w.l(libinit2.o)
    0x08000172   0x08000172   0x00000000   Code   RO         3958    .ARM.Collect$$libinit$$00000013  c_w.l(libinit2.o)
    0x08000172   0x08000172   0x00000000   Code   RO         3960    .ARM.Collect$$libinit$$00000015  c_w.l(libinit2.o)
    0x08000172   0x08000172   0x00000000   Code   RO         3962    .ARM.Collect$$libinit$$00000017  c_w.l(libinit2.o)
    0x08000172   0x08000172   0x00000000   Code   RO         3964    .ARM.Collect$$libinit$$00000019  c_w.l(libinit2.o)
    0x08000172   0x08000172   0x00000000   Code   RO         3966    .ARM.Collect$$libinit$$0000001B  c_w.l(libinit2.o)
    0x08000172   0x08000172   0x00000000   Code   RO         3968    .ARM.Collect$$libinit$$0000001D  c_w.l(libinit2.o)
    0x08000172   0x08000172   0x00000000   Code   RO         3970    .ARM.Collect$$libinit$$0000001F  c_w.l(libinit2.o)
    0x08000172   0x08000172   0x00000000   Code   RO         3972    .ARM.Collect$$libinit$$00000021  c_w.l(libinit2.o)
    0x08000172   0x08000172   0x00000000   Code   RO         3974    .ARM.Collect$$libinit$$00000023  c_w.l(libinit2.o)
    0x08000172   0x08000172   0x00000000   Code   RO         3976    .ARM.Collect$$libinit$$00000025  c_w.l(libinit2.o)
    0x08000172   0x08000172   0x00000000   Code   RO         3980    .ARM.Collect$$libinit$$0000002C  c_w.l(libinit2.o)
    0x08000172   0x08000172   0x00000000   Code   RO         3982    .ARM.Collect$$libinit$$0000002E  c_w.l(libinit2.o)
    0x08000172   0x08000172   0x00000000   Code   RO         3984    .ARM.Collect$$libinit$$00000030  c_w.l(libinit2.o)
    0x08000172   0x08000172   0x00000000   Code   RO         3986    .ARM.Collect$$libinit$$00000032  c_w.l(libinit2.o)
    0x08000172   0x08000172   0x00000002   Code   RO         3987    .ARM.Collect$$libinit$$00000033  c_w.l(libinit2.o)
    0x08000174   0x08000174   0x00000002   Code   RO         4007    .ARM.Collect$$libshutdown$$00000000  c_w.l(libshutdown.o)
    0x08000176   0x08000176   0x00000000   Code   RO         4020    .ARM.Collect$$libshutdown$$00000002  c_w.l(libshutdown2.o)
    0x08000176   0x08000176   0x00000000   Code   RO         4022    .ARM.Collect$$libshutdown$$00000004  c_w.l(libshutdown2.o)
    0x08000176   0x08000176   0x00000000   Code   RO         4025    .ARM.Collect$$libshutdown$$00000007  c_w.l(libshutdown2.o)
    0x08000176   0x08000176   0x00000000   Code   RO         4028    .ARM.Collect$$libshutdown$$0000000A  c_w.l(libshutdown2.o)
    0x08000176   0x08000176   0x00000000   Code   RO         4030    .ARM.Collect$$libshutdown$$0000000C  c_w.l(libshutdown2.o)
    0x08000176   0x08000176   0x00000000   Code   RO         4033    .ARM.Collect$$libshutdown$$0000000F  c_w.l(libshutdown2.o)
    0x08000176   0x08000176   0x00000002   Code   RO         4034    .ARM.Collect$$libshutdown$$00000010  c_w.l(libshutdown2.o)
    0x08000178   0x08000178   0x00000000   Code   RO         3901    .ARM.Collect$$rtentry$$00000000  c_w.l(__rtentry.o)
    0x08000178   0x08000178   0x00000000   Code   RO         3912    .ARM.Collect$$rtentry$$00000002  c_w.l(__rtentry2.o)
    0x08000178   0x08000178   0x00000006   Code   RO         3924    .ARM.Collect$$rtentry$$00000004  c_w.l(__rtentry4.o)
    0x0800017e   0x0800017e   0x00000000   Code   RO         3914    .ARM.Collect$$rtentry$$00000009  c_w.l(__rtentry2.o)
    0x0800017e   0x0800017e   0x00000004   Code   RO         3915    .ARM.Collect$$rtentry$$0000000A  c_w.l(__rtentry2.o)
    0x08000182   0x08000182   0x00000000   Code   RO         3917    .ARM.Collect$$rtentry$$0000000C  c_w.l(__rtentry2.o)
    0x08000182   0x08000182   0x00000008   Code   RO         3918    .ARM.Collect$$rtentry$$0000000D  c_w.l(__rtentry2.o)
    0x0800018a   0x0800018a   0x00000002   Code   RO         3941    .ARM.Collect$$rtexit$$00000000  c_w.l(rtexit.o)
    0x0800018c   0x0800018c   0x00000000   Code   RO         3989    .ARM.Collect$$rtexit$$00000002  c_w.l(rtexit2.o)
    0x0800018c   0x0800018c   0x00000004   Code   RO         3990    .ARM.Collect$$rtexit$$00000003  c_w.l(rtexit2.o)
    0x08000190   0x08000190   0x00000006   Code   RO         3991    .ARM.Collect$$rtexit$$00000004  c_w.l(rtexit2.o)
    0x08000196   0x08000196   0x00000002   PAD
    0x08000198   0x08000198   0x00000040   Code   RO            4    .text               startup_stm32f103xb.o
    0x080001d8   0x080001d8   0x0000002c   Code   RO         3858    .text               c_w.l(__2sprintf.o)
    0x08000204   0x08000204   0x00000024   Code   RO         3864    .text               c_w.l(_printf_truncate.o)
    0x08000228   0x08000228   0x00000052   Code   RO         3866    .text               c_w.l(_printf_str.o)
    0x0800027a   0x0800027a   0x00000002   PAD
    0x0800027c   0x0800027c   0x00000078   Code   RO         3868    .text               c_w.l(_printf_dec.o)
    0x080002f4   0x080002f4   0x000000b8   Code   RO         3873    .text               c_w.l(__printf_ss.o)
    0x080003ac   0x080003ac   0x00000096   Code   RO         3893    .text               c_w.l(strncmp.o)
    0x08000442   0x08000442   0x0000004e   Code   RO         3895    .text               c_w.l(rt_memclr_w.o)
    0x08000490   0x08000490   0x00000006   Code   RO         3897    .text               c_w.l(heapauxi.o)
    0x08000496   0x08000496   0x000000b2   Code   RO         3902    .text               c_w.l(_printf_intcommon.o)
    0x08000548   0x08000548   0x00000030   Code   RO         3904    .text               c_w.l(_printf_char_common.o)
    0x08000578   0x08000578   0x0000000a   Code   RO         3906    .text               c_w.l(_sputc.o)
    0x08000582   0x08000582   0x0000002c   Code   RO         3908    .text               c_w.l(_printf_char.o)
    0x080005ae   0x080005ae   0x0000004a   Code   RO         3928    .text               c_w.l(sys_stackheap_outer.o)
    0x080005f8   0x080005f8   0x00000012   Code   RO         3930    .text               c_w.l(exit.o)
    0x0800060a   0x0800060a   0x00000002   PAD
    0x0800060c   0x0800060c   0x00000008   Code   RO         3938    .text               c_w.l(libspace.o)
    0x08000614   0x08000614   0x0000000c   Code   RO         3999    .text               c_w.l(sys_exit.o)
    0x08000620   0x08000620   0x00000002   Code   RO         4010    .text               c_w.l(use_no_semi.o)
    0x08000622   0x08000622   0x00000000   Code   RO         4012    .text               c_w.l(indicate_semi.o)
    0x08000622   0x08000622   0x00000002   Code   RO          485    i.BusFault_Handler  stm32f1xx_it.o
    0x08000624   0x08000624   0x00000002   Code   RO          486    i.DebugMon_Handler  stm32f1xx_it.o
    0x08000626   0x08000626   0x00000004   Code   RO          231    i.Error_Handler     main.o
    0x0800062a   0x0800062a   0x00000006   Code   RO         3777    i.FATFS_LinkDriver  ff_gen_drv.o
    0x08000630   0x08000630   0x00000040   Code   RO         3778    i.FATFS_LinkDriverEx  ff_gen_drv.o
    0x08000670   0x08000670   0x00000046   Code   RO         1113    i.HAL_DMA_Abort     stm32f1xx_hal_dma.o
    0x080006b6   0x080006b6   0x00000002   PAD
    0x080006b8   0x080006b8   0x00000098   Code   RO         1114    i.HAL_DMA_Abort_IT  stm32f1xx_hal_dma.o
    0x08000750   0x08000750   0x00000024   Code   RO          739    i.HAL_Delay         stm32f1xx_hal.o
    0x08000774   0x08000774   0x000001e0   Code   RO         1049    i.HAL_GPIO_Init     stm32f1xx_hal_gpio.o
    0x08000954   0x08000954   0x0000000a   Code   RO         1053    i.HAL_GPIO_WritePin  stm32f1xx_hal_gpio.o
    0x0800095e   0x0800095e   0x00000002   PAD
    0x08000960   0x08000960   0x0000000c   Code   RO          743    i.HAL_GetTick       stm32f1xx_hal.o
    0x0800096c   0x0800096c   0x00000010   Code   RO          749    i.HAL_IncTick       stm32f1xx_hal.o
    0x0800097c   0x0800097c   0x00000024   Code   RO          750    i.HAL_Init          stm32f1xx_hal.o
    0x080009a0   0x080009a0   0x00000040   Code   RO          751    i.HAL_InitTick      stm32f1xx_hal.o
    0x080009e0   0x080009e0   0x0000003c   Code   RO          573    i.HAL_MspInit       stm32f1xx_hal_msp.o
    0x08000a1c   0x08000a1c   0x0000001a   Code   RO         1209    i.HAL_NVIC_EnableIRQ  stm32f1xx_hal_cortex.o
    0x08000a36   0x08000a36   0x00000002   PAD
    0x08000a38   0x08000a38   0x00000040   Code   RO         1215    i.HAL_NVIC_SetPriority  stm32f1xx_hal_cortex.o
    0x08000a78   0x08000a78   0x00000024   Code   RO         1216    i.HAL_NVIC_SetPriorityGrouping  stm32f1xx_hal_cortex.o
    0x08000a9c   0x08000a9c   0x0000012c   Code   RO          907    i.HAL_RCC_ClockConfig  stm32f1xx_hal_rcc.o
    0x08000bc8   0x08000bc8   0x00000020   Code   RO          914    i.HAL_RCC_GetPCLK1Freq  stm32f1xx_hal_rcc.o
    0x08000be8   0x08000be8   0x00000020   Code   RO          915    i.HAL_RCC_GetPCLK2Freq  stm32f1xx_hal_rcc.o
    0x08000c08   0x08000c08   0x0000004c   Code   RO          916    i.HAL_RCC_GetSysClockFreq  stm32f1xx_hal_rcc.o
    0x08000c54   0x08000c54   0x00000320   Code   RO          919    i.HAL_RCC_OscConfig  stm32f1xx_hal_rcc.o
    0x08000f74   0x08000f74   0x000000b2   Code   RO         1720    i.HAL_SPI_Init      stm32f1xx_hal_spi.o
    0x08001026   0x08001026   0x00000002   PAD
    0x08001028   0x08001028   0x00000070   Code   RO          340    i.HAL_SPI_MspInit   spi.o
    0x08001098   0x08001098   0x000001f0   Code   RO         1729    i.HAL_SPI_TransmitReceive  stm32f1xx_hal_spi.o
    0x08001288   0x08001288   0x00000028   Code   RO         1220    i.HAL_SYSTICK_Config  stm32f1xx_hal_cortex.o
    0x080012b0   0x080012b0   0x00000002   Code   RO         2737    i.HAL_TIMEx_BreakCallback  stm32f1xx_hal_tim_ex.o
    0x080012b2   0x080012b2   0x00000002   Code   RO         2738    i.HAL_TIMEx_CommutCallback  stm32f1xx_hal_tim_ex.o
    0x080012b4   0x080012b4   0x00000054   Code   RO         2740    i.HAL_TIMEx_ConfigBreakDeadTime  stm32f1xx_hal_tim_ex.o
    0x08001308   0x08001308   0x00000068   Code   RO         2756    i.HAL_TIMEx_MasterConfigSynchronization  stm32f1xx_hal_tim_ex.o
    0x08001370   0x08001370   0x0000005a   Code   RO         2033    i.HAL_TIM_Base_Init  stm32f1xx_hal_tim.o
    0x080013ca   0x080013ca   0x00000002   PAD
    0x080013cc   0x080013cc   0x0000003c   Code   RO          382    i.HAL_TIM_Base_MspInit  tim.o
    0x08001408   0x08001408   0x000000dc   Code   RO         2042    i.HAL_TIM_ConfigClockSource  stm32f1xx_hal_tim.o
    0x080014e4   0x080014e4   0x00000002   Code   RO         2067    i.HAL_TIM_IC_CaptureCallback  stm32f1xx_hal_tim.o
    0x080014e6   0x080014e6   0x00000130   Code   RO         2081    i.HAL_TIM_IRQHandler  stm32f1xx_hal_tim.o
    0x08001616   0x08001616   0x00000002   PAD
    0x08001618   0x08001618   0x0000004c   Code   RO          383    i.HAL_TIM_MspPostInit  tim.o
    0x08001664   0x08001664   0x00000002   Code   RO         2084    i.HAL_TIM_OC_DelayElapsedCallback  stm32f1xx_hal_tim.o
    0x08001666   0x08001666   0x000000cc   Code   RO         2105    i.HAL_TIM_PWM_ConfigChannel  stm32f1xx_hal_tim.o
    0x08001732   0x08001732   0x0000005a   Code   RO         2108    i.HAL_TIM_PWM_Init  stm32f1xx_hal_tim.o
    0x0800178c   0x0800178c   0x00000002   Code   RO         2110    i.HAL_TIM_PWM_MspInit  stm32f1xx_hal_tim.o
    0x0800178e   0x0800178e   0x00000002   Code   RO         2111    i.HAL_TIM_PWM_PulseFinishedCallback  stm32f1xx_hal_tim.o
    0x08001790   0x08001790   0x0000009c   Code   RO         2113    i.HAL_TIM_PWM_Start  stm32f1xx_hal_tim.o
    0x0800182c   0x0800182c   0x00000070   Code   RO         2116    i.HAL_TIM_PWM_Stop  stm32f1xx_hal_tim.o
    0x0800189c   0x0800189c   0x00000060   Code   RO          384    i.HAL_TIM_PeriodElapsedCallback  tim.o
    0x080018fc   0x080018fc   0x00000002   Code   RO         2124    i.HAL_TIM_TriggerCallback  stm32f1xx_hal_tim.o
    0x080018fe   0x080018fe   0x0000004e   Code   RO         3015    i.HAL_UARTEx_ReceiveToIdle_IT  stm32f1xx_hal_uart.o
    0x0800194c   0x0800194c   0x00000020   Code   RO          436    i.HAL_UARTEx_RxEventCallback  usart.o
    0x0800196c   0x0800196c   0x00000002   Code   RO         3030    i.HAL_UART_ErrorCallback  stm32f1xx_hal_uart.o
    0x0800196e   0x0800196e   0x00000002   PAD
    0x08001970   0x08001970   0x0000026c   Code   RO         3033    i.HAL_UART_IRQHandler  stm32f1xx_hal_uart.o
    0x08001bdc   0x08001bdc   0x00000064   Code   RO         3034    i.HAL_UART_Init     stm32f1xx_hal_uart.o
    0x08001c40   0x08001c40   0x00000090   Code   RO          438    i.HAL_UART_MspInit  usart.o
    0x08001cd0   0x08001cd0   0x00000002   Code   RO         3040    i.HAL_UART_RxCpltCallback  stm32f1xx_hal_uart.o
    0x08001cd2   0x08001cd2   0x000000a0   Code   RO         3042    i.HAL_UART_Transmit  stm32f1xx_hal_uart.o
    0x08001d72   0x08001d72   0x00000002   Code   RO         3045    i.HAL_UART_TxCpltCallback  stm32f1xx_hal_uart.o
    0x08001d74   0x08001d74   0x00000002   Code   RO          487    i.HardFault_Handler  stm32f1xx_it.o
    0x08001d76   0x08001d76   0x00000002   PAD
    0x08001d78   0x08001d78   0x0000001c   Code   RO          658    i.MX_FATFS_Init     fatfs.o
    0x08001d94   0x08001d94   0x00000098   Code   RO          315    i.MX_GPIO_Init      gpio.o
    0x08001e2c   0x08001e2c   0x00000048   Code   RO          341    i.MX_SPI1_Init      spi.o
    0x08001e74   0x08001e74   0x000000f0   Code   RO          385    i.MX_TIM1_Init      tim.o
    0x08001f64   0x08001f64   0x00000038   Code   RO          439    i.MX_USART1_UART_Init  usart.o
    0x08001f9c   0x08001f9c   0x00000002   Code   RO          488    i.MemManage_Handler  stm32f1xx_it.o
    0x08001f9e   0x08001f9e   0x00000002   Code   RO          489    i.NMI_Handler       stm32f1xx_it.o
    0x08001fa0   0x08001fa0   0x00000002   Code   RO          490    i.PendSV_Handler    stm32f1xx_it.o
    0x08001fa2   0x08001fa2   0x00000002   PAD
    0x08001fa4   0x08001fa4   0x00000018   Code   RO           15    i.SD_CS             sd.o
    0x08001fbc   0x08001fbc   0x0000002e   Code   RO           17    i.SD_GETCSD         sd.o
    0x08001fea   0x08001fea   0x0000006e   Code   RO           18    i.SD_GetSectorCount  sd.o
    0x08002058   0x08002058   0x00000070   Code   RO           19    i.SD_ReadDisk       sd.o
    0x080020c8   0x080020c8   0x00000040   Code   RO           20    i.SD_ReceiveData    sd.o
    0x08002108   0x08002108   0x00000050   Code   RO           21    i.SD_SendBlock      sd.o
    0x08002158   0x08002158   0x00000088   Code   RO           22    i.SD_WriteDisk      sd.o
    0x080021e0   0x080021e0   0x00000154   Code   RO           23    i.SD_init           sd.o
    0x08002334   0x08002334   0x00000070   Code   RO           24    i.SD_sendcmd        sd.o
    0x080023a4   0x080023a4   0x00000034   Code   RO         1758    i.SPI_EndRxTxTransaction  stm32f1xx_hal_spi.o
    0x080023d8   0x080023d8   0x000000b8   Code   RO         1763    i.SPI_WaitFlagStateUntilTimeout  stm32f1xx_hal_spi.o
    0x08002490   0x08002490   0x0000001c   Code   RO           25    i.SPI_setspeed      sd.o
    0x080024ac   0x080024ac   0x00000002   Code   RO          491    i.SVC_Handler       stm32f1xx_it.o
    0x080024ae   0x080024ae   0x00000004   Code   RO          492    i.SysTick_Handler   stm32f1xx_it.o
    0x080024b2   0x080024b2   0x0000005e   Code   RO          232    i.SystemClock_Config  main.o
    0x08002510   0x08002510   0x00000002   Code   RO         3368    i.SystemInit        system_stm32f1xx.o
    0x08002512   0x08002512   0x00000002   PAD
    0x08002514   0x08002514   0x0000000c   Code   RO          493    i.TIM1_UP_IRQHandler  stm32f1xx_it.o
    0x08002520   0x08002520   0x00000078   Code   RO         2126    i.TIM_Base_SetConfig  stm32f1xx_hal_tim.o
    0x08002598   0x08002598   0x0000001a   Code   RO         2127    i.TIM_CCxChannelCmd  stm32f1xx_hal_tim.o
    0x080025b2   0x080025b2   0x00000014   Code   RO         2137    i.TIM_ETR_SetConfig  stm32f1xx_hal_tim.o
    0x080025c6   0x080025c6   0x00000010   Code   RO         2138    i.TIM_ITRx_SetConfig  stm32f1xx_hal_tim.o
    0x080025d6   0x080025d6   0x00000002   PAD
    0x080025d8   0x080025d8   0x00000050   Code   RO         2139    i.TIM_OC1_SetConfig  stm32f1xx_hal_tim.o
    0x08002628   0x08002628   0x00000058   Code   RO         2140    i.TIM_OC2_SetConfig  stm32f1xx_hal_tim.o
    0x08002680   0x08002680   0x00000058   Code   RO         2141    i.TIM_OC3_SetConfig  stm32f1xx_hal_tim.o
    0x080026d8   0x080026d8   0x00000044   Code   RO         2142    i.TIM_OC4_SetConfig  stm32f1xx_hal_tim.o
    0x0800271c   0x0800271c   0x00000022   Code   RO         2144    i.TIM_TI1_ConfigInputStage  stm32f1xx_hal_tim.o
    0x0800273e   0x0800273e   0x00000024   Code   RO         2146    i.TIM_TI2_ConfigInputStage  stm32f1xx_hal_tim.o
    0x08002762   0x08002762   0x00000010   Code   RO         3047    i.UART_DMAAbortOnError  stm32f1xx_hal_uart.o
    0x08002772   0x08002772   0x0000004e   Code   RO         3057    i.UART_EndRxTransfer  stm32f1xx_hal_uart.o
    0x080027c0   0x080027c0   0x000000c2   Code   RO         3059    i.UART_Receive_IT   stm32f1xx_hal_uart.o
    0x08002882   0x08002882   0x00000002   PAD
    0x08002884   0x08002884   0x000000b8   Code   RO         3060    i.UART_SetConfig    stm32f1xx_hal_uart.o
    0x0800293c   0x0800293c   0x00000036   Code   RO         3062    i.UART_Start_Receive_IT  stm32f1xx_hal_uart.o
    0x08002972   0x08002972   0x00000072   Code   RO         3063    i.UART_WaitOnFlagUntilTimeout  stm32f1xx_hal_uart.o
    0x080029e4   0x080029e4   0x0000000c   Code   RO          494    i.USART1_IRQHandler  stm32f1xx_it.o
    0x080029f0   0x080029f0   0x00000020   Code   RO          597    i.USER_initialize   user_diskio.o
    0x08002a10   0x08002a10   0x0000004e   Code   RO          598    i.USER_ioctl        user_diskio.o
    0x08002a5e   0x08002a5e   0x00000022   Code   RO          599    i.USER_read         user_diskio.o
    0x08002a80   0x08002a80   0x00000014   Code   RO          600    i.USER_status       user_diskio.o
    0x08002a94   0x08002a94   0x00000022   Code   RO          601    i.USER_write        user_diskio.o
    0x08002ab6   0x08002ab6   0x00000002   Code   RO          495    i.UsageFault_Handler  stm32f1xx_it.o
    0x08002ab8   0x08002ab8   0x00000020   Code   RO         1222    i.__NVIC_SetPriority  stm32f1xx_hal_cortex.o
    0x08002ad8   0x08002ad8   0x00000060   Code   RO         3460    i.check_fs          ff.o
    0x08002b38   0x08002b38   0x0000006c   Code   RO         3461    i.chk_lock          ff.o
    0x08002ba4   0x08002ba4   0x00000024   Code   RO         3462    i.clear_lock        ff.o
    0x08002bc8   0x08002bc8   0x0000002a   Code   RO         3463    i.clmt_clust        ff.o
    0x08002bf2   0x08002bf2   0x0000001e   Code   RO         3464    i.clust2sect        ff.o
    0x08002c10   0x08002c10   0x000000b0   Code   RO         3465    i.create_chain      ff.o
    0x08002cc0   0x08002cc0   0x00000100   Code   RO         3466    i.create_name       ff.o
    0x08002dc0   0x08002dc0   0x0000003c   Code   RO         3467    i.dec_lock          ff.o
    0x08002dfc   0x08002dfc   0x0000011e   Code   RO         3468    i.dir_next          ff.o
    0x08002f1a   0x08002f1a   0x00000076   Code   RO         3470    i.dir_register      ff.o
    0x08002f90   0x08002f90   0x00000098   Code   RO         3472    i.dir_sdi           ff.o
    0x08003028   0x08003028   0x00000028   Code   RO         3405    i.disk_initialize   diskio.o
    0x08003050   0x08003050   0x0000001c   Code   RO         3406    i.disk_ioctl        diskio.o
    0x0800306c   0x0800306c   0x0000001c   Code   RO         3407    i.disk_read         diskio.o
    0x08003088   0x08003088   0x00000018   Code   RO         3408    i.disk_status       diskio.o
    0x080030a0   0x080030a0   0x0000001c   Code   RO         3409    i.disk_write        diskio.o
    0x080030bc   0x080030bc   0x0000002a   Code   RO         3474    i.f_close           ff.o
    0x080030e6   0x080030e6   0x00000002   PAD
    0x080030e8   0x080030e8   0x0000005c   Code   RO         3481    i.f_mount           ff.o
    0x08003144   0x08003144   0x000001a0   Code   RO         3482    i.f_open            ff.o
    0x080032e4   0x080032e4   0x0000018c   Code   RO         3487    i.f_read            ff.o
    0x08003470   0x08003470   0x000000b8   Code   RO         3491    i.f_sync            ff.o
    0x08003528   0x08003528   0x00000258   Code   RO         3496    i.find_volume       ff.o
    0x08003780   0x08003780   0x000000c0   Code   RO         3497    i.follow_path       ff.o
    0x08003840   0x08003840   0x000000c2   Code   RO         3498    i.get_fat           ff.o
    0x08003902   0x08003902   0x00000004   Code   RO          659    i.get_fattime       fatfs.o
    0x08003906   0x08003906   0x0000003c   Code   RO         3500    i.get_ldnumber      ff.o
    0x08003942   0x08003942   0x00000002   PAD
    0x08003944   0x08003944   0x000000a0   Code   RO         3501    i.inc_lock          ff.o
    0x080039e4   0x080039e4   0x00000014   Code   RO         3502    i.ld_clust          ff.o
    0x080039f8   0x080039f8   0x000002f4   Code   RO          233    i.main              main.o
    0x08003cec   0x08003cec   0x00000012   Code   RO         3503    i.mem_cpy           ff.o
    0x08003cfe   0x08003cfe   0x0000000e   Code   RO         3504    i.mem_set           ff.o
    0x08003d0c   0x08003d0c   0x00000036   Code   RO         3505    i.move_window       ff.o
    0x08003d42   0x08003d42   0x000000f8   Code   RO         3506    i.put_fat           ff.o
    0x08003e3a   0x08003e3a   0x0000006e   Code   RO         3508    i.remove_chain      ff.o
    0x08003ea8   0x08003ea8   0x00000020   Code   RO           27    i.spi_readwrite     sd.o
    0x08003ec8   0x08003ec8   0x00000010   Code   RO         3509    i.st_clust          ff.o
    0x08003ed8   0x08003ed8   0x000000b6   Code   RO         3510    i.sync_fs           ff.o
    0x08003f8e   0x08003f8e   0x00000060   Code   RO         3511    i.sync_window       ff.o
    0x08003fee   0x08003fee   0x0000002c   Code   RO         3512    i.validate          ff.o
    0x0800401a   0x0800401a   0x00000002   PAD
    0x0800401c   0x0800401c   0x00000050   Code   RO          234    i.x_go              main.o
    0x0800406c   0x0800406c   0x00000050   Code   RO          235    i.y_go              main.o
    0x080040bc   0x080040bc   0x00000012   Data   RO          920    .constdata          stm32f1xx_hal_rcc.o
    0x080040ce   0x080040ce   0x00000010   Data   RO         3369    .constdata          system_stm32f1xx.o
    0x080040de   0x080040de   0x00000008   Data   RO         3370    .constdata          system_stm32f1xx.o
    0x080040e6   0x080040e6   0x000000ac   Data   RO         3514    .constdata          ff.o
    0x08004192   0x08004192   0x00000002   PAD
    0x08004194   0x08004194   0x00000020   Data   RO         4065    Region$$Table       anon$$obj.o


    Execution Region RW_IRAM1 (Exec base: 0x20000000, Load base: 0x080041b4, Size: 0x00002e18, Max: 0x00005000, ABSOLUTE)

    Exec Addr    Load Addr    Size         Type   Attr      Idx    E Section Name        Object

    0x20000000   0x080041b4   0x00000002   Data   RW           29    .data               sd.o
    0x20000002   0x080041b6   0x00000002   PAD
    0x20000004   0x080041b8   0x00000020   Data   RW          237    .data               main.o
    0x20000024   0x080041d8   0x00000014   Data   RW          602    .data               user_diskio.o
    0x20000038   0x080041ec   0x00000005   Data   RW          662    .data               fatfs.o
    0x2000003d   0x080041f1   0x00000003   PAD
    0x20000040   0x080041f4   0x0000000c   Data   RW          757    .data               stm32f1xx_hal.o
    0x2000004c   0x08004200   0x00000004   Data   RW         3371    .data               system_stm32f1xx.o
    0x20000050   0x08004204   0x00000008   Data   RW         3515    .data               ff.o
    0x20000058        -       0x00000a50   Zero   RW          236    .bss                main.o
    0x20000aa8        -       0x00000058   Zero   RW          342    .bss                spi.o
    0x20000b00        -       0x00000048   Zero   RW          386    .bss                tim.o
    0x20000b48        -       0x00000048   Zero   RW          440    .bss                usart.o
    0x20000b90        -       0x00000018   Zero   RW         3513    .bss                ff.o
    0x20000ba8        -       0x0000000c   Zero   RW         3781    .bss                ff_gen_drv.o
    0x20000bb4        -       0x00000060   Zero   RW         3939    .bss                c_w.l(libspace.o)
    0x20000c14   0x0800420c   0x00000004   PAD
    0x20000c18        -       0x00000200   Zero   RW            2    HEAP                startup_stm32f103xb.o
    0x20000e18        -       0x00002000   Zero   RW            1    STACK               startup_stm32f103xb.o


==============================================================================

Image component sizes


      Code (inc. data)   RO Data    RW Data    ZI Data      Debug   Object Name

       148         22          0          0          0       3477   diskio.o
        32         10          0          5          0       1424   fatfs.o
      4498         70        172          8         24      31105   ff.o
        70          4          0          0         12       1527   ff_gen_drv.o
       152         14          0          0          0        891   gpio.o
      1014        252          0         32       2640       5729   main.o
      1084         40          0          2          0     444847   sd.o
       184         24          0          0         88       1577   spi.o
        64         26        236          0       8704        792   startup_stm32f103xb.o
       164         28          0         12          0       5761   stm32f1xx_hal.o
       198         14          0          0          0      28827   stm32f1xx_hal_cortex.o
       222          4          0          0          0       1715   stm32f1xx_hal_dma.o
       490         34          0          0          0       2832   stm32f1xx_hal_gpio.o
        60          8          0          0          0        838   stm32f1xx_hal_msp.o
      1240         84         18          0          0       5004   stm32f1xx_hal_rcc.o
       910          4          0          0          0       4577   stm32f1xx_hal_spi.o
      1762         48          0          0          0      15769   stm32f1xx_hal_tim.o
       192         12          0          0          0       3097   stm32f1xx_hal_tim_ex.o
      1604         10          0          0          0      10857   stm32f1xx_hal_uart.o
        44         12          0          0          0       4543   stm32f1xx_it.o
         2          0         24          4          0       1059   system_stm32f1xx.o
       472         50          0          0         72       3103   tim.o
       232         38          0          0         72       2253   usart.o
       198          0          0         20          0       3812   user_diskio.o

    ----------------------------------------------------------------------
     15066        808        484         88      11612     585416   Object Totals
         0          0         32          0          0          0   (incl. Generated)
        30          0          2          5          0          0   (incl. Padding)

    ----------------------------------------------------------------------

      Code (inc. data)   RO Data    RW Data    ZI Data      Debug   Library Member Name

        44          6          0          0          0         84   __2sprintf.o
         8          0          0          0          0         68   __main.o
       184          0          0          0          0         84   __printf_ss.o
         0          0          0          0          0          0   __rtentry.o
        12          0          0          0          0          0   __rtentry2.o
         6          0          0          0          0          0   __rtentry4.o
        52          8          0          0          0          0   __scatter.o
        26          0          0          0          0          0   __scatter_copy.o
        28          0          0          0          0          0   __scatter_zi.o
        44          0          0          0          0        108   _printf_char.o
        48          6          0          0          0         96   _printf_char_common.o
         6          0          0          0          0          0   _printf_d.o
       120         16          0          0          0         92   _printf_dec.o
       178          0          0          0          0         88   _printf_intcommon.o
         0          0          0          0          0          0   _printf_percent.o
         4          0          0          0          0          0   _printf_percent_end.o
         6          0          0          0          0          0   _printf_s.o
        82          0          0          0          0         80   _printf_str.o
        36          0          0          0          0         84   _printf_truncate.o
        10          0          0          0          0         68   _sputc.o
        18          0          0          0          0         80   exit.o
         6          0          0          0          0        152   heapauxi.o
         0          0          0          0          0          0   indicate_semi.o
         2          0          0          0          0          0   libinit.o
         2          0          0          0          0          0   libinit2.o
         2          0          0          0          0          0   libshutdown.o
         2          0          0          0          0          0   libshutdown2.o
         8          4          0          0         96         68   libspace.o
        78          0          0          0          0         80   rt_memclr_w.o
         2          0          0          0          0          0   rtexit.o
        10          0          0          0          0          0   rtexit2.o
       150          0          0          0          0         80   strncmp.o
        12          4          0          0          0         68   sys_exit.o
        74          0          0          0          0         80   sys_stackheap_outer.o
         2          0          0          0          0         68   use_no_semi.o

    ----------------------------------------------------------------------
      1270         44          0          0        100       1528   Library Totals
         8          0          0          0          4          0   (incl. Padding)

    ----------------------------------------------------------------------

      Code (inc. data)   RO Data    RW Data    ZI Data      Debug   Library Name

      1262         44          0          0         96       1528   c_w.l

    ----------------------------------------------------------------------
      1270         44          0          0        100       1528   Library Totals

    ----------------------------------------------------------------------

==============================================================================


      Code (inc. data)   RO Data    RW Data    ZI Data      Debug   

     16336        852        484         88      11712     578880   Grand Totals
     16336        852        484         88      11712     578880   ELF Image Totals
     16336        852        484         88          0          0   ROM Totals

==============================================================================

    Total RO  Size (Code + RO Data)                16820 (  16.43kB)
    Total RW  Size (RW Data + ZI Data)             11800 (  11.52kB)
    Total ROM Size (Code + RO Data + RW Data)      16908 (  16.51kB)

==============================================================================

